Archive member included to satisfy reference by file (symbol)

/opt/devkitpro/libctru/lib/libctru.a(console.o)
                              main.o (consoleSelect)
/opt/devkitpro/libctru/lib/libctru.a(gfx.o)
                              /opt/devkitpro/libctru/lib/libctru.a(console.o) (gfxIsWide)
/opt/devkitpro/libctru/lib/libctru.a(gspgpu.o)
                              /opt/devkitpro/libctru/lib/libctru.a(gfx.o) (gspInit)
/opt/devkitpro/libctru/lib/libctru.a(am.o)
                              main.o (amInit)
/opt/devkitpro/libctru/lib/libctru.a(hid.o)
                              main.o (hidScanInput)
/opt/devkitpro/libctru/lib/libctru.a(utf8_to_utf16.o)
                              /opt/devkitpro/libctru/lib/libctru.a(am.o) (utf8_to_utf16)
/opt/devkitpro/libctru/lib/libctru.a(initArgv.o)
                              /opt/devkitpro/devkitARM/bin/../lib/gcc/arm-none-eabi/10.2.0/../../../../arm-none-eabi/lib/armv6k/fpu/3dsx_crt0.o (__system_argv)
/opt/devkitpro/libctru/lib/libctru.a(svc.o)
                              main.o (svcSleepThread)
/opt/devkitpro/libctru/lib/libctru.a(stack_adjust.o)
                              /opt/devkitpro/devkitARM/bin/../lib/gcc/arm-none-eabi/10.2.0/../../../../arm-none-eabi/lib/armv6k/fpu/3dsx_crt0.o (initSystem)
/opt/devkitpro/libctru/lib/libctru.a(default_font.bin.o)
                              /opt/devkitpro/libctru/lib/libctru.a(console.o) (default_font_bin)
/opt/devkitpro/libctru/lib/libctru.a(vram.o)
                              /opt/devkitpro/libctru/lib/libctru.a(gfx.o) (vramAlloc)
/opt/devkitpro/libctru/lib/libctru.a(linear.o)
                              /opt/devkitpro/libctru/lib/libctru.a(gfx.o) (linearAlloc)
/opt/devkitpro/libctru/lib/libctru.a(mem_pool.o)
                              /opt/devkitpro/libctru/lib/libctru.a(vram.o) (MemPool::Allocate(MemChunk&, unsigned long, int))
/opt/devkitpro/libctru/lib/libctru.a(synchronization.o)
                              /opt/devkitpro/libctru/lib/libctru.a(gspgpu.o) (syncArbitrateAddress)
/opt/devkitpro/libctru/lib/libctru.a(srv.o)
                              /opt/devkitpro/libctru/lib/libctru.a(gspgpu.o) (srvGetServiceHandle)
/opt/devkitpro/libctru/lib/libctru.a(thread.o)
                              /opt/devkitpro/libctru/lib/libctru.a(gspgpu.o) (threadCreate)
/opt/devkitpro/libctru/lib/libctru.a(mappable.o)
                              /opt/devkitpro/libctru/lib/libctru.a(gspgpu.o) (mappableAlloc)
/opt/devkitpro/libctru/lib/libctru.a(irrst.o)
                              /opt/devkitpro/libctru/lib/libctru.a(hid.o) (irrstInit)
/opt/devkitpro/libctru/lib/libctru.a(apt.o)
                              /opt/devkitpro/libctru/lib/libctru.a(hid.o) (APT_CheckNew3DS)
/opt/devkitpro/libctru/lib/libctru.a(srvpm.o)
                              /opt/devkitpro/libctru/lib/libctru.a(srv.o) (srvPmGetSessionHandle)
/opt/devkitpro/libctru/lib/libctru.a(rbtree_init.o)
                              /opt/devkitpro/libctru/lib/libctru.a(vram.o) (rbtree_init)
/opt/devkitpro/libctru/lib/libctru.a(rbtree_insert.o)
                              /opt/devkitpro/libctru/lib/libctru.a(vram.o) (rbtree_insert)
/opt/devkitpro/libctru/lib/libctru.a(rbtree_rotate.o)
                              /opt/devkitpro/libctru/lib/libctru.a(rbtree_insert.o) (rbtree_rotate)
/opt/devkitpro/libctru/lib/libctru.a(rbtree_remove.o)
                              /opt/devkitpro/libctru/lib/libctru.a(vram.o) (rbtree_remove)
/opt/devkitpro/libctru/lib/libctru.a(rbtree_find.o)
                              /opt/devkitpro/libctru/lib/libctru.a(vram.o) (rbtree_find)
/opt/devkitpro/libctru/lib/libctru.a(encode_utf16.o)
                              /opt/devkitpro/libctru/lib/libctru.a(utf8_to_utf16.o) (encode_utf16)
/opt/devkitpro/libctru/lib/libctru.a(decode_utf8.o)
                              /opt/devkitpro/libctru/lib/libctru.a(utf8_to_utf16.o) (decode_utf8)
/opt/devkitpro/libctru/lib/libctru.a(appInit.o)
                              /opt/devkitpro/libctru/lib/libctru.a(stack_adjust.o) (__appInit)
/opt/devkitpro/libctru/lib/libctru.a(allocateHeaps.o)
                              /opt/devkitpro/libctru/lib/libctru.a(linear.o) (__ctru_linear_heap_size)
/opt/devkitpro/libctru/lib/libctru.a(appExit.o)
                              /opt/devkitpro/libctru/lib/libctru.a(stack_adjust.o) (__appExit)
/opt/devkitpro/libctru/lib/libctru.a(ctru_init.o)
                              /opt/devkitpro/libctru/lib/libctru.a(stack_adjust.o) (__libctru_init)
/opt/devkitpro/libctru/lib/libctru.a(ctru_exit.o)
                              /opt/devkitpro/libctru/lib/libctru.a(stack_adjust.o) (__libctru_exit)
/opt/devkitpro/libctru/lib/libctru.a(env.o)
                              /opt/devkitpro/libctru/lib/libctru.a(srv.o) (envGetHandle)
/opt/devkitpro/libctru/lib/libctru.a(os.o)
                              /opt/devkitpro/libctru/lib/libctru.a(apt.o) (__ctru_speedup_config)
/opt/devkitpro/libctru/lib/libctru.a(archive_dev.o)
[...]
Memory Configuration

Name             Origin             Length             Attributes
*default*        0x0000000000000000 0xffffffffffffffff

Linker script and memory map

                0x0000000000100000                PROVIDE (__start__ = 0x100000)
                0x0000000000100000                . = __start__

.text           0x0000000000100000    0x2150c
 *(.crt0)
 .crt0          0x0000000000100000       0x94 /opt/devkitpro/devkitARM/bin/../lib/gcc/arm-none-eabi/10.2.0/../../../../arm-none-eabi/lib/armv6k/fpu/3dsx_crt0.o
                0x0000000000100000                _start
                0x0000000000100008                __service_ptr
                0x000000000010000c                __apt_appid
                0x0000000000100010                __heap_size
                0x0000000000100014                __linear_heap_size
                0x0000000000100018                __system_arglist
                0x000000000010001c                __system_runflags
 *(.init)
 .init          0x0000000000100094        0xc /opt/devkitpro/devkitARM/bin/../lib/gcc/arm-none-eabi/10.2.0/armv6k/fpu/crti.o
                0x0000000000100094                _init
 .init          0x00000000001000a0        0xc /opt/devkitpro/devkitARM/bin/../lib/gcc/arm-none-eabi/10.2.0/armv6k/fpu/crtn.o
                0x00000000001000ac                . = ALIGN (0x4)
 *(.text)
 .text          0x00000000001000ac      0x240 /opt/devkitpro/devkitARM/bin/../lib/gcc/arm-none-eabi/10.2.0/armv6k/fpu/libgcc.a(_divsi3.o)
                0x00000000001000ac                __aeabi_idiv
                0x00000000001000ac                __divsi3
                0x00000000001002cc                __aeabi_idivmod
 .text          0x00000000001002ec        0x4 /opt/devkitpro/devkitARM/bin/../lib/gcc/arm-none-eabi/10.2.0/armv6k/fpu/libgcc.a(_dvmd_tls.o)
                0x00000000001002ec                __aeabi_ldiv0
                0x00000000001002ec                __aeabi_idiv0
 .text          0x00000000001002f0       0xd4 /opt/devkitpro/devkitARM/bin/../lib/gcc/arm-none-eabi/10.2.0/armv6k/fpu/libgcc.a(_aeabi_ldivmod.o)
                0x00000000001002f0                __aeabi_ldivmod
 .text          0x00000000001003c4       0x3c /opt/devkitpro/devkitARM/bin/../lib/gcc/arm-none-eabi/10.2.0/armv6k/fpu/libgcc.a(_aeabi_uldivmod.o)
                0x00000000001003c4                __aeabi_uldivmod
 .text          0x0000000000100400      0x390 /opt/devkitpro/devkitARM/bin/../lib/gcc/arm-none-eabi/10.2.0/../../../../arm-none-eabi/lib/armv6k/fpu/libg.a(lib_a-strcmp.o)
                0x0000000000100408                strcmp
 .text          0x0000000000100790      0x20c /opt/devkitpro/devkitARM/bin/../lib/gcc/arm-none-eabi/10.2.0/armv6k/fpu/libgcc.a(_udivsi3.o)
                0x0000000000100790                __udivsi3
                0x0000000000100790                __aeabi_uidiv
                0x000000000010097c                __aeabi_uidivmod
 .text          0x000000000010099c      0x3c0 /opt/devkitpro/devkitARM/bin/../lib/gcc/arm-none-eabi/10.2.0/armv6k/fpu/libgcc.a(_arm_addsubdf3.o)
                0x000000000010099c                __aeabi_drsub
                0x00000000001009a4                __aeabi_dsub
                0x00000000001009a4                __subdf3
                0x00000000001009a8                __adddf3
                0x00000000001009a8                __aeabi_dadd
                0x0000000000100c54                __aeabi_ui2d
                0x0000000000100c54                __floatunsidf
                0x0000000000100c78                __floatsidf
                0x0000000000100c78                __aeabi_i2d
                0x0000000000100ca0                __extendsfdf2
                0x0000000000100ca0                __aeabi_f2d
                0x0000000000100ce8                __aeabi_ul2d
                0x0000000000100ce8                __floatundidf
                0x0000000000100cfc                __floatdidf
                0x0000000000100cfc                __aeabi_l2d
 *(.text.*)
 .text.__do_global_dtors_aux
                0x0000000000100d5c       0x40 /opt/devkitpro/devkitARM/bin/../lib/gcc/arm-none-eabi/10.2.0/armv6k/fpu/crtbegin.o
 .text.frame_dummy
                0x0000000000100d9c       0x2c /opt/devkitpro/devkitARM/bin/../lib/gcc/arm-none-eabi/10.2.0/armv6k/fpu/crtbegin.o
 .text.wait     0x0000000000100dc8       0x30 main.o
                0x0000000000100dc8                wait
 .text.waitOrCancel
                0x0000000000100df8       0x54 main.o
                0x0000000000100df8                waitOrCancel
 *fill*         0x0000000000100e4c        0x4 
 .text.startup.main
                0x0000000000100e50      0x32c main.o
                0x0000000000100e50                main
 .text.consoleSelect
                0x000000000010117c       0x18 /opt/devkitpro/libctru/lib/libctru.a(console.o)
                0x000000000010117c                consoleSelect
 .text.consoleDrawChar
                0x0000000000101194      0x178 /opt/devkitpro/libctru/lib/libctru.a(console.o)
                0x0000000000101194                consoleDrawChar
 .text.consolePrintChar
                0x000000000010130c      0x124 /opt/devkitpro/libctru/lib/libctru.a(console.o)
                0x000000000010130c                consolePrintChar
 .text.con_write
                0x0000000000101430      0xa00 /opt/devkitpro/libctru/lib/libctru.a(console.o)
                0x0000000000101430                con_write
 .text.consoleInit
                0x0000000000101e30      0x168 /opt/devkitpro/libctru/lib/libctru.a(console.o)
                0x0000000000101e30                consoleInit
 .text.newRow   0x0000000000101f98       0xf4 /opt/devkitpro/libctru/lib/libctru.a(console.o)
 .text.gfxPresentFramebuffer
                0x000000000010208c       0xd0 /opt/devkitpro/libctru/lib/libctru.a(gfx.o)
 .text.gfxIsWide
                0x000000000010215c       0x1c /opt/devkitpro/libctru/lib/libctru.a(gfx.o)
                0x000000000010215c                gfxIsWide
 .text.gfxSetScreenFormat
                0x0000000000102178       0xec /opt/devkitpro/libctru/lib/libctru.a(gfx.o)
                0x0000000000102178                gfxSetScreenFormat
 .text.gfxSetDoubleBuffering
                0x0000000000102264       0x10 /opt/devkitpro/libctru/lib/libctru.a(gfx.o)
                0x0000000000102264                gfxSetDoubleBuffering
 .text.gfxInit  0x0000000000102274      0x108 /opt/devkitpro/libctru/lib/libctru.a(gfx.o)
                0x0000000000102274                gfxInit
 .text.gfxInitDefault
                0x000000000010237c       0x10 /opt/devkitpro/libctru/lib/libctru.a(gfx.o)
                0x000000000010237c                gfxInitDefault
 .text.gfxExit  0x000000000010238c       0xb4 /opt/devkitpro/libctru/lib/libctru.a(gfx.o)
                0x000000000010238c                gfxExit
 .text.gfxGetFramebuffer
                0x0000000000102440       0xa0 /opt/devkitpro/libctru/lib/libctru.a(gfx.o)
                0x0000000000102440                gfxGetFramebuffer
 .text.gfxFlushBuffers
                0x00000000001024e0      0x10c /opt/devkitpro/libctru/lib/libctru.a(gfx.o)
                0x00000000001024e0                gfxFlushBuffers
 .text.gfxSwapBuffersGpu
                0x00000000001025ec       0x50 /opt/devkitpro/libctru/lib/libctru.a(gfx.o)
                0x00000000001025ec                gfxSwapBuffersGpu
 .text.gspHardwareInit
                0x000000000010263c      0xc58 /opt/devkitpro/libctru/lib/libctru.a(gspgpu.o)
 .text.gspInit  0x0000000000103294      0x254 /opt/devkitpro/libctru/lib/libctru.a(gspgpu.o)
                0x0000000000103294                gspInit
 .text.gspExit  0x00000000001034e8       0xf0 /opt/devkitpro/libctru/lib/libctru.a(gspgpu.o)
                0x00000000001034e8                gspExit
 .text.gspHasGpuRight
                0x00000000001035d8       0x10 /opt/devkitpro/libctru/lib/libctru.a(gspgpu.o)
                0x00000000001035d8                gspHasGpuRight
 .text.gspPresentBuffer
                0x00000000001035e8       0x98 /opt/devkitpro/libctru/lib/libctru.a(gspgpu.o)
                0x00000000001035e8                gspPresentBuffer
 .text.gspWaitForEvent
                0x0000000000103680       0x50 /opt/devkitpro/libctru/lib/libctru.a(gspgpu.o)
                0x0000000000103680                gspWaitForEvent
 .text.gxCmdQueueInterrupt
                0x00000000001036d0        0x4 /opt/devkitpro/libctru/lib/libctru.a(gspgpu.o)
                0x00000000001036d0                gxCmdQueueInterrupt
 .text.gspEventThreadMain
                0x00000000001036d4      0x160 /opt/devkitpro/libctru/lib/libctru.a(gspgpu.o)
 .text.GSPGPU_FlushDataCache
                0x0000000000103834       0x50 /opt/devkitpro/libctru/lib/libctru.a(gspgpu.o)
                0x0000000000103834                GSPGPU_FlushDataCache
 .text.GSPGPU_SetLcdForceBlack
                0x0000000000103884       0x34 /opt/devkitpro/libctru/lib/libctru.a(gspgpu.o)
                0x0000000000103884                GSPGPU_SetLcdForceBlack
 .text.GSPGPU_AcquireRight
                0x00000000001038b8       0x68 /opt/devkitpro/libctru/lib/libctru.a(gspgpu.o)
                0x00000000001038b8                GSPGPU_AcquireRight
 .text.GSPGPU_RestoreVramSysArea
                0x0000000000103920       0x2c /opt/devkitpro/libctru/lib/libctru.a(gspgpu.o)
                0x0000000000103920                GSPGPU_RestoreVramSysArea
 .text.amInit   0x000000000010394c       0xa4 /opt/devkitpro/libctru/lib/libctru.a(am.o)
                0x000000000010394c                amInit
 .text.amExit   0x00000000001039f0       0x3c /opt/devkitpro/libctru/lib/libctru.a(am.o)
                0x00000000001039f0                amExit
 .text.AM_GetTitleCount
                0x0000000000103a2c       0x48 /opt/devkitpro/libctru/lib/libctru.a(am.o)
                0x0000000000103a2c                AM_GetTitleCount
 .text.AM_GetTitleList
                0x0000000000103a74       0x5c /opt/devkitpro/libctru/lib/libctru.a(am.o)
                0x0000000000103a74                AM_GetTitleList
 .text.AM_GetTWLPartitionInfo
                0x0000000000103ad0       0x7c /opt/devkitpro/libctru/lib/libctru.a(am.o)
                0x0000000000103ad0                AM_GetTWLPartitionInfo
 .text.AM_DeleteTitle
                0x0000000000103b4c       0x3c /opt/devkitpro/libctru/lib/libctru.a(am.o)
                0x0000000000103b4c                AM_DeleteTitle
 .text.AM_DeleteTicket
                0x0000000000103b88       0x38 /opt/devkitpro/libctru/lib/libctru.a(am.o)
                0x0000000000103b88                AM_DeleteTicket
 .text.hidShouldUseIrrst
                0x0000000000103bc0       0x24 /opt/devkitpro/libctru/lib/libctru.a(hid.o)
                0x0000000000103bc0                hidShouldUseIrrst
 .text.hidInit  0x0000000000103be4      0x18c /opt/devkitpro/libctru/lib/libctru.a(hid.o)
                0x0000000000103be4                hidInit
 .text.hidExit  0x0000000000103d70       0xe8 /opt/devkitpro/libctru/lib/libctru.a(hid.o)
                0x0000000000103d70                hidExit
 .text.hidScanInput
                0x0000000000103e58      0x294 /opt/devkitpro/libctru/lib/libctru.a(hid.o)
                0x0000000000103e58                hidScanInput
 .text.hidKeysDown
                0x00000000001040ec       0x10 /opt/devkitpro/libctru/lib/libctru.a(hid.o)
                0x00000000001040ec                hidKeysDown
 .text.utf8_to_utf16
                0x00000000001040fc       0xc0 /opt/devkitpro/libctru/lib/libctru.a(utf8_to_utf16.o)
                0x00000000001040fc                utf8_to_utf16
 .text.__system_initArgv
                0x00000000001041bc       0xf0 /opt/devkitpro/libctru/lib/libctru.a(initArgv.o)
                0x00000000001041bc                __system_initArgv
 .text.svcControlMemory
                0x00000000001042ac       0x20 /opt/devkitpro/libctru/lib/libctru.a(svc.o)
                0x00000000001042ac                svcControlMemory
 .text.svcQueryMemory
                0x00000000001042cc       0x30 /opt/devkitpro/libctru/lib/libctru.a(svc.o)
                0x00000000001042cc                svcQueryMemory
 .text.svcExitProcess
                0x00000000001042fc        0x8 /opt/devkitpro/libctru/lib/libctru.a(svc.o)
                0x00000000001042fc                svcExitProcess
 .text.svcCreateThread
                0x0000000000104304       0x20 /opt/devkitpro/libctru/lib/libctru.a(svc.o)
                0x0000000000104304                svcCreateThread
 .text.svcExitThread
                0x0000000000104324        0x8 /opt/devkitpro/libctru/lib/libctru.a(svc.o)
                0x0000000000104324                svcExitThread
 .text.svcSleepThread
                0x000000000010432c        0x8 /opt/devkitpro/libctru/lib/libctru.a(svc.o)
                0x000000000010432c                svcSleepThread
 .text.svcReleaseMutex
                0x0000000000104334        0x8 /opt/devkitpro/libctru/lib/libctru.a(svc.o)
                0x0000000000104334                svcReleaseMutex
 .text.svcCreateEvent
                0x000000000010433c       0x14 /opt/devkitpro/libctru/lib/libctru.a(svc.o)
                0x000000000010433c                svcCreateEvent
 .text.svcSignalEvent
                0x0000000000104350        0x8 /opt/devkitpro/libctru/lib/libctru.a(svc.o)
                0x0000000000104350                svcSignalEvent
 .text.svcClearEvent
                0x0000000000104358        0x8 /opt/devkitpro/libctru/lib/libctru.a(svc.o)
                0x0000000000104358                svcClearEvent
 .text.svcMapMemoryBlock
                0x0000000000104360        0x8 /opt/devkitpro/libctru/lib/libctru.a(svc.o)
                0x0000000000104360                svcMapMemoryBlock
 .text.svcUnmapMemoryBlock
                0x0000000000104368        0x8 /opt/devkitpro/libctru/lib/libctru.a(svc.o)
                0x0000000000104368                svcUnmapMemoryBlock
 .text.svcCreateAddressArbiter
                0x0000000000104370       0x14 /opt/devkitpro/libctru/lib/libctru.a(svc.o)
                0x0000000000104370                svcCreateAddressArbiter
 .text.svcArbitrateAddressNoTimeout
                0x0000000000104384        0x8 /opt/devkitpro/libctru/lib/libctru.a(svc.o)
                0x0000000000104384                svcArbitrateAddressNoTimeout
 .text.svcCloseHandle
                0x000000000010438c        0x8 /opt/devkitpro/libctru/lib/libctru.a(svc.o)
                0x000000000010438c                svcCloseHandle
 .text.svcWaitSynchronization
                0x0000000000104394        0x8 /opt/devkitpro/libctru/lib/libctru.a(svc.o)
                0x0000000000104394                svcWaitSynchronization
 .text.svcWaitSynchronizationN
                0x000000000010439c       0x28 /opt/devkitpro/libctru/lib/libctru.a(svc.o)
                0x000000000010439c                svcWaitSynchronizationN
 .text.svcDuplicateHandle
                0x00000000001043c4       0x14 /opt/devkitpro/libctru/lib/libctru.a(svc.o)
                0x00000000001043c4                svcDuplicateHandle
 .text.svcGetSystemTick
                0x00000000001043d8        0x8 /opt/devkitpro/libctru/lib/libctru.a(svc.o)
                0x00000000001043d8                svcGetSystemTick
 .text.svcConnectToPort
                0x00000000001043e0       0x14 /opt/devkitpro/libctru/lib/libctru.a(svc.o)
                0x00000000001043e0                svcConnectToPort
 .text.svcSendSyncRequest
                0x00000000001043f4        0x8 /opt/devkitpro/libctru/lib/libctru.a(svc.o)
                0x00000000001043f4                svcSendSyncRequest
 .text.svcGetResourceLimit
                0x00000000001043fc       0x14 /opt/devkitpro/libctru/lib/libctru.a(svc.o)
                0x00000000001043fc                svcGetResourceLimit
 .text.svcGetResourceLimitLimitValues
                0x0000000000104410        0x8 /opt/devkitpro/libctru/lib/libctru.a(svc.o)
                0x0000000000104410                svcGetResourceLimitLimitValues
 .text.svcGetResourceLimitCurrentValues
                0x0000000000104418        0x8 /opt/devkitpro/libctru/lib/libctru.a(svc.o)
                0x0000000000104418                svcGetResourceLimitCurrentValues
 .text.svcBreak
                0x0000000000104420        0x8 /opt/devkitpro/libctru/lib/libctru.a(svc.o)
                0x0000000000104420                svcBreak
 .text.initSystem
                0x0000000000104428       0x50 /opt/devkitpro/libctru/lib/libctru.a(stack_adjust.o)
                0x0000000000104428                initSystem
 .text.__ctru_exit
                0x0000000000104478       0x18 /opt/devkitpro/libctru/lib/libctru.a(stack_adjust.o)
                0x0000000000104478                __ctru_exit
 .text._ZL21addrMapNodeComparatorPK11rbtree_nodeS1_
                0x0000000000104490       0x24 /opt/devkitpro/libctru/lib/libctru.a(vram.o)
 .text._ZL21addrMapNodeDestructorP11rbtree_node
                0x00000000001044b4        0x4 /opt/devkitpro/libctru/lib/libctru.a(vram.o)
 .text.vramMemAlign
                0x00000000001044b8      0x114 /opt/devkitpro/libctru/lib/libctru.a(vram.o)
                0x00000000001044b8                vramMemAlign
 .text.vramAlloc
                0x00000000001045cc        0x8 /opt/devkitpro/libctru/lib/libctru.a(vram.o)
                0x00000000001045cc                vramAlloc
 .text.vramFree
                0x00000000001045d4       0x5c /opt/devkitpro/libctru/lib/libctru.a(vram.o)
                0x00000000001045d4                vramFree
 .text._ZL21addrMapNodeComparatorPK11rbtree_nodeS1_
                0x0000000000104630       0x24 /opt/devkitpro/libctru/lib/libctru.a(linear.o)
 .text._ZL21addrMapNodeDestructorP11rbtree_node
                0x0000000000104654        0x4 /opt/devkitpro/libctru/lib/libctru.a(linear.o)
 .text.linearMemAlign
                0x0000000000104658      0x120 /opt/devkitpro/libctru/lib/libctru.a(linear.o)
                0x0000000000104658                linearMemAlign
 .text.linearAlloc
                0x0000000000104778        0x8 /opt/devkitpro/libctru/lib/libctru.a(linear.o)
                0x0000000000104778                linearAlloc
 .text.linearFree
                0x0000000000104780       0x5c /opt/devkitpro/libctru/lib/libctru.a(linear.o)
                0x0000000000104780                linearFree
 .text._ZN7MemPool13CoalesceRightEP8MemBlock
                0x00000000001047dc       0x84 /opt/devkitpro/libctru/lib/libctru.a(mem_pool.o)
                0x00000000001047dc                MemPool::CoalesceRight(MemBlock*)
 .text._ZN7MemPool8AllocateER8MemChunkmi
                0x0000000000104860      0x170 /opt/devkitpro/libctru/lib/libctru.a(mem_pool.o)
                0x0000000000104860                MemPool::Allocate(MemChunk&, unsigned long, int)
 .text._ZN7MemPool10DeallocateERK8MemChunk
                0x00000000001049d0       0xfc /opt/devkitpro/libctru/lib/libctru.a(mem_pool.o)
                0x00000000001049d0                MemPool::Deallocate(MemChunk const&)
 .text.__sync_init
                0x0000000000104acc        0xc /opt/devkitpro/libctru/lib/libctru.a(synchronization.o)
                0x0000000000104acc                __sync_init
 .text.__sync_fini
                0x0000000000104ad8       0x18 /opt/devkitpro/libctru/lib/libctru.a(synchronization.o)
                0x0000000000104ad8                __sync_fini
 .text.syncArbitrateAddress
                0x0000000000104af0       0x2c /opt/devkitpro/libctru/lib/libctru.a(synchronization.o)
                0x0000000000104af0                syncArbitrateAddress
 .text.LightLock_Init
                0x0000000000104b1c       0x1c /opt/devkitpro/libctru/lib/libctru.a(synchronization.o)
                0x0000000000104b1c                LightLock_Init
 .text.LightLock_Lock
                0x0000000000104b38       0x94 /opt/devkitpro/libctru/lib/libctru.a(synchronization.o)
                0x0000000000104b38                LightLock_Lock
 .text.LightLock_TryLock
                0x0000000000104bcc       0x44 /opt/devkitpro/libctru/lib/libctru.a(synchronization.o)
                0x0000000000104bcc                LightLock_TryLock
 .text.LightLock_Unlock
                0x0000000000104c10       0x40 /opt/devkitpro/libctru/lib/libctru.a(synchronization.o)
                0x0000000000104c10                LightLock_Unlock
 .text.RecursiveLock_Init
                0x0000000000104c50       0x24 /opt/devkitpro/libctru/lib/libctru.a(synchronization.o)
                0x0000000000104c50                RecursiveLock_Init
 .text.RecursiveLock_Lock
                0x0000000000104c74       0x30 /opt/devkitpro/libctru/lib/libctru.a(synchronization.o)
                0x0000000000104c74                RecursiveLock_Lock
 .text.RecursiveLock_TryLock
                0x0000000000104ca4       0x78 /opt/devkitpro/libctru/lib/libctru.a(synchronization.o)
                0x0000000000104ca4                RecursiveLock_TryLock
 .text.RecursiveLock_Unlock
                0x0000000000104d1c       0x54 /opt/devkitpro/libctru/lib/libctru.a(synchronization.o)
                0x0000000000104d1c                RecursiveLock_Unlock
 .text.LightEvent_Init
                0x0000000000104d70       0x40 /opt/devkitpro/libctru/lib/libctru.a(synchronization.o)
                0x0000000000104d70                LightEvent_Init
 .text.LightEvent_Clear
                0x0000000000104db0       0xa4 /opt/devkitpro/libctru/lib/libctru.a(synchronization.o)
                0x0000000000104db0                LightEvent_Clear
 .text.LightEvent_Signal
                0x0000000000104e54       0xc8 /opt/devkitpro/libctru/lib/libctru.a(synchronization.o)
                0x0000000000104e54                LightEvent_Signal
 .text.LightEvent_TryWait
                0x0000000000104f1c       0x58 /opt/devkitpro/libctru/lib/libctru.a(synchronization.o)
                0x0000000000104f1c                LightEvent_TryWait
 .text.LightEvent_Wait
                0x0000000000104f74       0xb0 /opt/devkitpro/libctru/lib/libctru.a(synchronization.o)
                0x0000000000104f74                LightEvent_Wait
 .text.srvInit  0x0000000000105024      0x124 /opt/devkitpro/libctru/lib/libctru.a(srv.o)
                0x0000000000105024                srvInit
 .text.srvExit  0x0000000000105148       0x58 /opt/devkitpro/libctru/lib/libctru.a(srv.o)
                0x0000000000105148                srvExit
 .text.srvGetServiceHandleDirect
                0x00000000001051a0       0x80 /opt/devkitpro/libctru/lib/libctru.a(srv.o)
                0x00000000001051a0                srvGetServiceHandleDirect
 .text.srvGetServiceHandle
                0x0000000000105220       0x48 /opt/devkitpro/libctru/lib/libctru.a(srv.o)
                0x0000000000105220                srvGetServiceHandle
 .text.srvPublishToSubscriber
                0x0000000000105268       0x38 /opt/devkitpro/libctru/lib/libctru.a(srv.o)
                0x0000000000105268                srvPublishToSubscriber
 .text.threadCreate
                0x00000000001052a0      0x188 /opt/devkitpro/libctru/lib/libctru.a(thread.o)
                0x00000000001052a0                threadCreate
 .text.threadFree
                0x0000000000105428       0x2c /opt/devkitpro/libctru/lib/libctru.a(thread.o)
                0x0000000000105428                threadFree
 .text.threadJoin
                0x0000000000105454       0x24 /opt/devkitpro/libctru/lib/libctru.a(thread.o)
                0x0000000000105454                threadJoin
 .text.threadGetCurrent
                0x0000000000105478       0x30 /opt/devkitpro/libctru/lib/libctru.a(thread.o)
                0x0000000000105478                threadGetCurrent
 .text.threadExit
                0x00000000001054a8       0x40 /opt/devkitpro/libctru/lib/libctru.a(thread.o)
                0x00000000001054a8                threadExit
 .text._thread_begin
                0x00000000001054e8       0x44 /opt/devkitpro/libctru/lib/libctru.a(thread.o)
 .text.mappableFindAddressWithin
                0x000000000010552c       0x94 /opt/devkitpro/libctru/lib/libctru.a(mappable.o)
 .text.mappableInit
                0x00000000001055c0       0x28 /opt/devkitpro/libctru/lib/libctru.a(mappable.o)
                0x00000000001055c0                mappableInit
 .text.mappableAlloc
                0x00000000001055e8       0x80 /opt/devkitpro/libctru/lib/libctru.a(mappable.o)
                0x00000000001055e8                mappableAlloc
 .text.mappableFree
                0x0000000000105668        0x4 /opt/devkitpro/libctru/lib/libctru.a(mappable.o)
                0x0000000000105668                mappableFree
 .text.irrstInit
                0x000000000010566c      0x160 /opt/devkitpro/libctru/lib/libctru.a(irrst.o)
                0x000000000010566c                irrstInit
 .text.irrstExit
                0x00000000001057cc       0xcc /opt/devkitpro/libctru/lib/libctru.a(irrst.o)
                0x00000000001057cc                irrstExit
 .text.irrstScanInput
                0x0000000000105898       0xb0 /opt/devkitpro/libctru/lib/libctru.a(irrst.o)
                0x0000000000105898                irrstScanInput
 .text.irrstKeysHeld
                0x0000000000105948       0x24 /opt/devkitpro/libctru/lib/libctru.a(irrst.o)
                0x0000000000105948                irrstKeysHeld
 .text.aptDspSleep
                0x000000000010596c        0x8 /opt/devkitpro/libctru/lib/libctru.a(apt.o)
                0x000000000010596c                aptDspSleep
 .text.aptDspWakeup
                0x0000000000105974        0x4 /opt/devkitpro/libctru/lib/libctru.a(apt.o)
                0x0000000000105974                aptDspWakeup
 .text.aptDspCancel
                0x0000000000105978        0x4 /opt/devkitpro/libctru/lib/libctru.a(apt.o)
                0x0000000000105978                aptDspCancel
 .text.aptSendCommand
                0x000000000010597c      0x15c /opt/devkitpro/libctru/lib/libctru.a(apt.o)
                0x000000000010597c                aptSendCommand
 .text.aptExitProcess
                0x0000000000105ad8       0x38 /opt/devkitpro/libctru/lib/libctru.a(apt.o)
 .text.aptExit  0x0000000000105b10      0x2f0 /opt/devkitpro/libctru/lib/libctru.a(apt.o)
                0x0000000000105b10                aptExit
 .text.APT_SleepIfShellClosed
                0x0000000000105e00       0x84 /opt/devkitpro/libctru/lib/libctru.a(apt.o)
                0x0000000000105e00                APT_SleepIfShellClosed
 .text.APT_UnlockTransition
                0x0000000000105e84       0x84 /opt/devkitpro/libctru/lib/libctru.a(apt.o)
                0x0000000000105e84                APT_UnlockTransition
 .text.aptEventHandler
                0x0000000000105f08      0x484 /opt/devkitpro/libctru/lib/libctru.a(apt.o)
 .text.APT_ReceiveParameter
                0x000000000010638c       0xb0 /opt/devkitpro/libctru/lib/libctru.a(apt.o)
                0x000000000010638c                APT_ReceiveParameter
 .text.aptReceiveParameter.constprop.0
                0x000000000010643c       0xb0 /opt/devkitpro/libctru/lib/libctru.a(apt.o)
 .text.aptWaitForWakeUp.isra.0
                0x00000000001064ec      0x2d0 /opt/devkitpro/libctru/lib/libctru.a(apt.o)
 .text.aptInit  0x00000000001067bc      0x234 /opt/devkitpro/libctru/lib/libctru.a(apt.o)
                0x00000000001067bc                aptInit
 .text.APT_CheckNew3DS
                0x00000000001069f0       0x7c /opt/devkitpro/libctru/lib/libctru.a(apt.o)
                0x00000000001069f0                APT_CheckNew3DS
 .text.srvPmGetSessionHandle
                0x0000000000106a6c        0xc /opt/devkitpro/libctru/lib/libctru.a(srvpm.o)
                0x0000000000106a6c                srvPmGetSessionHandle
 .text.rbtree_init
                0x0000000000106a78       0x10 /opt/devkitpro/libctru/lib/libctru.a(rbtree_init.o)
                0x0000000000106a78                rbtree_init
 .text.do_insert
                0x0000000000106a88      0x1a0 /opt/devkitpro/libctru/lib/libctru.a(rbtree_insert.o)
 .text.rbtree_insert
                0x0000000000106c28        0x8 /opt/devkitpro/libctru/lib/libctru.a(rbtree_insert.o)
                0x0000000000106c28                rbtree_insert
 .text.rbtree_rotate
                0x0000000000106c30       0x90 /opt/devkitpro/libctru/lib/libctru.a(rbtree_rotate.o)
                0x0000000000106c30                rbtree_rotate
 .text.rbtree_remove
                0x0000000000106cc0      0x338 /opt/devkitpro/libctru/lib/libctru.a(rbtree_remove.o)
                0x0000000000106cc0                rbtree_remove
 .text.rbtree_find
                0x0000000000106ff8       0x74 /opt/devkitpro/libctru/lib/libctru.a(rbtree_find.o)
                0x0000000000106ff8                rbtree_find
 .text.encode_utf16
                0x000000000010706c       0x60 /opt/devkitpro/libctru/lib/libctru.a(encode_utf16.o)
                0x000000000010706c                encode_utf16
 .text.decode_utf8
                0x00000000001070cc      0x13c /opt/devkitpro/libctru/lib/libctru.a(decode_utf8.o)
                0x00000000001070cc                decode_utf8
 .text.__appInit
                0x0000000000107208       0x30 /opt/devkitpro/libctru/lib/libctru.a(appInit.o)
                0x0000000000107208                __appInit
 .text.__system_allocateHeaps
                0x0000000000107238      0x1e0 /opt/devkitpro/libctru/lib/libctru.a(allocateHeaps.o)
                0x0000000000107238                __system_allocateHeaps
 .text.__appExit
                0x0000000000107418       0x30 /opt/devkitpro/libctru/lib/libctru.a(appExit.o)
                0x0000000000107418                __appExit
 .text.__libctru_init
                0x0000000000107448       0x38 /opt/devkitpro/libctru/lib/libctru.a(ctru_init.o)
                0x0000000000107448                __libctru_init
 .text.__libctru_exit
                0x0000000000107480       0x90 /opt/devkitpro/libctru/lib/libctru.a(ctru_exit.o)
                0x0000000000107480                __libctru_exit
 .text.envGetHandle
                0x0000000000107510       0x84 /opt/devkitpro/libctru/lib/libctru.a(env.o)
                0x0000000000107510                envGetHandle
 .text.envDestroyHandles
                0x0000000000107594       0x50 /opt/devkitpro/libctru/lib/libctru.a(env.o)
                0x0000000000107594                envDestroyHandles
 .text.osGetTimeRef
                0x00000000001075e4       0x54 /opt/devkitpro/libctru/lib/libctru.a(os.o)
                0x00000000001075e4                osGetTimeRef
 .text.osGetTime
                0x0000000000107638       0xe4 /opt/devkitpro/libctru/lib/libctru.a(os.o)
                0x0000000000107638                osGetTime
 .text.__libctru_gtod
                0x000000000010771c       0x74 /opt/devkitpro/libctru/lib/libctru.a(os.o)
                0x000000000010771c                __libctru_gtod
 .text.__ctru_speedup_config
                0x0000000000107790       0x34 /opt/devkitpro/libctru/lib/libctru.a(os.o)
                0x0000000000107790                __ctru_speedup_config
 .text.archive_link
                0x00000000001077c4       0x14 /opt/devkitpro/libctru/lib/libctru.a(archive_dev.o)
 .text.archive_dirreset
                0x00000000001077d8       0x14 /opt/devkitpro/libctru/lib/libctru.a(archive_dev.o)
 .text.archive_chmod
                0x00000000001077ec       0x14 /opt/devkitpro/libctru/lib/libctru.a(archive_dev.o)
 .text.error_cmp
                0x0000000000107800       0x24 /opt/devkitpro/libctru/lib/libctru.a(archive_dev.o)
 .text.archive_translate_error
                0x0000000000107824       0x50 /opt/devkitpro/libctru/lib/libctru.a(archive_dev.o)
 .text.archive_seek
                0x0000000000107874       0xd4 /opt/devkitpro/libctru/lib/libctru.a(archive_dev.o)
 .text._archiveInit.part.0
                0x0000000000107948       0x7c /opt/devkitpro/libctru/lib/libctru.a(archive_dev.o)
 .text.archiveFindDevice.part.0
                0x00000000001079c4       0x8c /opt/devkitpro/libctru/lib/libctru.a(archive_dev.o)
 .text.archive_utf16path
                0x0000000000107a50      0x294 /opt/devkitpro/libctru/lib/libctru.a(archive_dev.o)
 .text._archiveUnmountDeviceStruct.part.0
                0x0000000000107ce4       0xa0 /opt/devkitpro/libctru/lib/libctru.a(archive_dev.o)
 .text.archive_fchmod
                0x0000000000107d84       0x14 /opt/devkitpro/libctru/lib/libctru.a(archive_dev.o)
 .text.archive_statvfs
                0x0000000000107d98       0x14 /opt/devkitpro/libctru/lib/libctru.a(archive_dev.o)
 .text._archiveMountDevice
                0x0000000000107dac      0x158 /opt/devkitpro/libctru/lib/libctru.a(archive_dev.o)
 .text.archive_diropen
                0x0000000000107f04       0xe8 /opt/devkitpro/libctru/lib/libctru.a(archive_dev.o)
 .text.archive_fstat
                0x0000000000107fec       0xa4 /opt/devkitpro/libctru/lib/libctru.a(archive_dev.o)
 .text.archive_close
                0x0000000000108090       0x6c /opt/devkitpro/libctru/lib/libctru.a(archive_dev.o)
 .text.archive_fsync
                0x00000000001080fc       0x6c /opt/devkitpro/libctru/lib/libctru.a(archive_dev.o)
 .text.archive_dirclose
                0x0000000000108168       0x70 /opt/devkitpro/libctru/lib/libctru.a(archive_dev.o)
 .text.sdmc_statvfs
                0x00000000001081d8       0xe8 /opt/devkitpro/libctru/lib/libctru.a(archive_dev.o)
 .text.archive_ftruncate
                0x00000000001082c0       0x80 /opt/devkitpro/libctru/lib/libctru.a(archive_dev.o)
 .text.archive_chdir
                0x0000000000108340       0xfc /opt/devkitpro/libctru/lib/libctru.a(archive_dev.o)
 .text.archive_read
                0x000000000010843c       0xb0 /opt/devkitpro/libctru/lib/libctru.a(archive_dev.o)
 .text.archive_unlink
                0x00000000001084ec       0xac /opt/devkitpro/libctru/lib/libctru.a(archive_dev.o)
 .text.archive_rmdir
                0x0000000000108598       0xc8 /opt/devkitpro/libctru/lib/libctru.a(archive_dev.o)
 .text.archive_mkdir
                0x0000000000108660       0xec /opt/devkitpro/libctru/lib/libctru.a(archive_dev.o)
 .text.archive_stat
                0x000000000010874c      0x1a8 /opt/devkitpro/libctru/lib/libctru.a(archive_dev.o)
 .text.archive_rename
                0x00000000001088f4      0x184 /opt/devkitpro/libctru/lib/libctru.a(archive_dev.o)
 .text.archive_dirnext
                0x0000000000108a78      0x168 /opt/devkitpro/libctru/lib/libctru.a(archive_dev.o)
 .text.archive_write
                0x0000000000108be0      0x12c /opt/devkitpro/libctru/lib/libctru.a(archive_dev.o)
 .text.archive_open
                0x0000000000108d0c      0x1f0 /opt/devkitpro/libctru/lib/libctru.a(archive_dev.o)
 .text.archiveMountSdmc
                0x0000000000108efc      0x1a4 /opt/devkitpro/libctru/lib/libctru.a(archive_dev.o)
                0x0000000000108efc                archiveMountSdmc
 .text.archiveUnmountAll
                0x00000000001090a0       0x54 /opt/devkitpro/libctru/lib/libctru.a(archive_dev.o)
                0x00000000001090a0                archiveUnmountAll
 .text.ptmSysmInit
                0x00000000001090f4       0x74 /opt/devkitpro/libctru/lib/libctru.a(ptmsysm.o)
                0x00000000001090f4                ptmSysmInit
 .text.ptmSysmExit
                0x0000000000109168       0x3c /opt/devkitpro/libctru/lib/libctru.a(ptmsysm.o)
                0x0000000000109168                ptmSysmExit
 .text.PTMSYSM_ConfigureNew3DSCPU
                0x00000000001091a4       0x34 /opt/devkitpro/libctru/lib/libctru.a(ptmsysm.o)
                0x00000000001091a4                PTMSYSM_ConfigureNew3DSCPU
 .text.fsInit   0x00000000001091d8       0xc8 /opt/devkitpro/libctru/lib/libctru.a(fs.o)
                0x00000000001091d8                fsInit
 .text.fsExit   0x00000000001092a0       0x3c /opt/devkitpro/libctru/lib/libctru.a(fs.o)
                0x00000000001092a0                fsExit
 .text.fsExemptFromSession
                0x00000000001092dc       0x60 /opt/devkitpro/libctru/lib/libctru.a(fs.o)
                0x00000000001092dc                fsExemptFromSession
 .text.fsUnexemptFromSession
                0x000000000010933c       0x50 /opt/devkitpro/libctru/lib/libctru.a(fs.o)
                0x000000000010933c                fsUnexemptFromSession
 .text.FSUSER_OpenFile
                0x000000000010938c       0xcc /opt/devkitpro/libctru/lib/libctru.a(fs.o)
                0x000000000010938c                FSUSER_OpenFile
 .text.FSUSER_DeleteFile
                0x0000000000109458       0xbc /opt/devkitpro/libctru/lib/libctru.a(fs.o)
                0x0000000000109458                FSUSER_DeleteFile
 .text.FSUSER_RenameFile
                0x0000000000109514       0xf8 /opt/devkitpro/libctru/lib/libctru.a(fs.o)
                0x0000000000109514                FSUSER_RenameFile
 .text.FSUSER_DeleteDirectory
                0x000000000010960c       0xbc /opt/devkitpro/libctru/lib/libctru.a(fs.o)
                0x000000000010960c                FSUSER_DeleteDirectory
 .text.FSUSER_CreateFile
                0x00000000001096c8       0xd4 /opt/devkitpro/libctru/lib/libctru.a(fs.o)
                0x00000000001096c8                FSUSER_CreateFile
 .text.FSUSER_CreateDirectory
                0x000000000010979c       0xc4 /opt/devkitpro/libctru/lib/libctru.a(fs.o)
                0x000000000010979c                FSUSER_CreateDirectory
 .text.FSUSER_RenameDirectory
                0x0000000000109860       0xf8 /opt/devkitpro/libctru/lib/libctru.a(fs.o)
                0x0000000000109860                FSUSER_RenameDirectory
 .text.FSUSER_OpenDirectory
                0x0000000000109958       0xb4 /opt/devkitpro/libctru/lib/libctru.a(fs.o)
                0x0000000000109958                FSUSER_OpenDirectory
 .text.FSUSER_OpenArchive
                0x0000000000109a0c       0x94 /opt/devkitpro/libctru/lib/libctru.a(fs.o)
                0x0000000000109a0c                FSUSER_OpenArchive
 .text.FSUSER_CloseArchive
                0x0000000000109aa0       0x8c /opt/devkitpro/libctru/lib/libctru.a(fs.o)
                0x0000000000109aa0                FSUSER_CloseArchive
 .text.FSUSER_GetSdmcArchiveResource
                0x0000000000109b2c       0x74 /opt/devkitpro/libctru/lib/libctru.a(fs.o)
                0x0000000000109b2c                FSUSER_GetSdmcArchiveResource
 .text.FSUSER_IsSdmcWritable
                0x0000000000109ba0       0x64 /opt/devkitpro/libctru/lib/libctru.a(fs.o)
                0x0000000000109ba0                FSUSER_IsSdmcWritable
 .text.FSFILE_Read
                0x0000000000109c04       0x58 /opt/devkitpro/libctru/lib/libctru.a(fs.o)
                0x0000000000109c04                FSFILE_Read
 .text.FSFILE_Write
                0x0000000000109c5c       0x60 /opt/devkitpro/libctru/lib/libctru.a(fs.o)
                0x0000000000109c5c                FSFILE_Write
 .text.FSFILE_GetSize
                0x0000000000109cbc       0x38 /opt/devkitpro/libctru/lib/libctru.a(fs.o)
                0x0000000000109cbc                FSFILE_GetSize
 .text.FSFILE_SetSize
                0x0000000000109cf4       0x28 /opt/devkitpro/libctru/lib/libctru.a(fs.o)
                0x0000000000109cf4                FSFILE_SetSize
 .text.FSFILE_Close
                0x0000000000109d1c       0x3c /opt/devkitpro/libctru/lib/libctru.a(fs.o)
                0x0000000000109d1c                FSFILE_Close
 .text.FSFILE_Flush
                0x0000000000109d58       0x24 /opt/devkitpro/libctru/lib/libctru.a(fs.o)
                0x0000000000109d58                FSFILE_Flush
 .text.FSDIR_Read
                0x0000000000109d7c       0x50 /opt/devkitpro/libctru/lib/libctru.a(fs.o)
                0x0000000000109d7c                FSDIR_Read
 .text.FSDIR_Close
                0x0000000000109dcc       0x3c /opt/devkitpro/libctru/lib/libctru.a(fs.o)
                0x0000000000109dcc                FSDIR_Close
 .text.rbtree_node_next
                0x0000000000109e08       0x50 /opt/devkitpro/libctru/lib/libctru.a(rbtree_iterator.o)
                0x0000000000109e08                rbtree_node_next
 .text.utf16_to_utf8
                0x0000000000109e58       0xe8 /opt/devkitpro/libctru/lib/libctru.a(utf16_to_utf8.o)
                0x0000000000109e58                utf16_to_utf8
 .text.decode_utf16
                0x0000000000109f40       0x64 /opt/devkitpro/libctru/lib/libctru.a(decode_utf16.o)
                0x0000000000109f40                decode_utf16
 .text.__libctru_nanosleep
                0x0000000000109fa4       0x30 /opt/devkitpro/libctru/lib/libctru.a(syscalls.o)
 .text.__libctru_get_reent
                0x0000000000109fd4       0x30 /opt/devkitpro/libctru/lib/libctru.a(syscalls.o)
 .text.__system_initSyscalls
                0x000000000010a004       0xf8 /opt/devkitpro/libctru/lib/libctru.a(syscalls.o)
                0x000000000010a004                __system_initSyscalls
 .text.__aeabi_read_tp
                0x000000000010a0fc        0xc /opt/devkitpro/libctru/lib/libctru.a(readtp.o)
                0x000000000010a0fc                __aeabi_read_tp
 .text.encode_utf8
                0x000000000010a108       0xfc /opt/devkitpro/libctru/lib/libctru.a(encode_utf8.o)
                0x000000000010a108                encode_utf8
 .text.__udivmoddi4
                0x000000000010a204      0x120 /opt/devkitpro/devkitARM/bin/../lib/gcc/arm-none-eabi/10.2.0/armv6k/fpu/libgcc.a(_udivmoddi4.o)
                0x000000000010a204                __udivmoddi4
 .text.bsearch  0x000000000010a324       0x78 /opt/devkitpro/devkitARM/bin/../lib/gcc/arm-none-eabi/10.2.0/../../../../arm-none-eabi/lib/armv6k/fpu/libg.a(lib_a-bsearch.o)
                0x000000000010a324                bsearch
 .text.calloc   0x000000000010a39c       0x28 /opt/devkitpro/devkitARM/bin/../lib/gcc/arm-none-eabi/10.2.0/../../../../arm-none-eabi/lib/armv6k/fpu/libg.a(lib_a-calloc.o)
                0x000000000010a39c                calloc
 .text._calloc_r
                0x000000000010a3c4       0x94 /opt/devkitpro/devkitARM/bin/../lib/gcc/arm-none-eabi/10.2.0/../../../../arm-none-eabi/lib/armv6k/fpu/libg.a(lib_a-callocr.o)
                0x000000000010a3c4                _calloc_r
 .text.__errno  0x000000000010a458        0xc /opt/devkitpro/devkitARM/bin/../lib/gcc/arm-none-eabi/10.2.0/../../../../arm-none-eabi/lib/armv6k/fpu/libg.a(lib_a-errno.o)
                0x000000000010a458                __errno
 .text.exit     0x000000000010a464       0x34 /opt/devkitpro/devkitARM/bin/../lib/gcc/arm-none-eabi/10.2.0/../../../../arm-none-eabi/lib/armv6k/fpu/libg.a(lib_a-exit.o)
                0x000000000010a464                exit
 .text.__libc_fini_array
                0x000000000010a498       0x3c /opt/devkitpro/devkitARM/bin/../lib/gcc/arm-none-eabi/10.2.0/../../../../arm-none-eabi/lib/armv6k/fpu/libg.a(lib_a-fini.o)
                0x000000000010a498                __libc_fini_array
 .text.__libc_init_array
                0x000000000010a4d4       0x7c /opt/devkitpro/devkitARM/bin/../lib/gcc/arm-none-eabi/10.2.0/../../../../arm-none-eabi/lib/armv6k/fpu/libg.a(lib_a-init.o)
                0x000000000010a4d4                __libc_init_array
 .text.memalign
                0x000000000010a550       0x28 /opt/devkitpro/devkitARM/bin/../lib/gcc/arm-none-eabi/10.2.0/../../../../arm-none-eabi/lib/armv6k/fpu/libg.a(lib_a-malign.o)
                0x000000000010a550                memalign
 .text._memalign_r
                0x000000000010a578      0x148 /opt/devkitpro/devkitARM/bin/../lib/gcc/arm-none-eabi/10.2.0/../../../../arm-none-eabi/lib/armv6k/fpu/libg.a(lib_a-malignr.o)
                0x000000000010a578                _memalign_r
 .text.malloc   0x000000000010a6c0       0x20 /opt/devkitpro/devkitARM/bin/../lib/gcc/arm-none-eabi/10.2.0/../../../../arm-none-eabi/lib/armv6k/fpu/libg.a(lib_a-malloc.o)
                0x000000000010a6c0                malloc
 .text.free     0x000000000010a6e0       0x20 /opt/devkitpro/devkitARM/bin/../lib/gcc/arm-none-eabi/10.2.0/../../../../arm-none-eabi/lib/armv6k/fpu/libg.a(lib_a-malloc.o)
                0x000000000010a6e0                free
 .text._malloc_r
                0x000000000010a700      0x7f0 /opt/devkitpro/devkitARM/bin/../lib/gcc/arm-none-eabi/10.2.0/../../../../arm-none-eabi/lib/armv6k/fpu/libg.a(lib_a-mallocr.o)
                0x000000000010a700                _malloc_r
 .text.memchr   0x000000000010aef0       0xe0 /opt/devkitpro/devkitARM/bin/../lib/gcc/arm-none-eabi/10.2.0/../../../../arm-none-eabi/lib/armv6k/fpu/libg.a(lib_a-memchr-stub.o)
                0x000000000010aef0                memchr
 .text.memcpy   0x000000000010afd0      0x11c /opt/devkitpro/devkitARM/bin/../lib/gcc/arm-none-eabi/10.2.0/../../../../arm-none-eabi/lib/armv6k/fpu/libg.a(lib_a-memcpy-stub.o)
                0x000000000010afd0                memcpy
 .text.memset   0x000000000010b0ec      0x118 /opt/devkitpro/devkitARM/bin/../lib/gcc/arm-none-eabi/10.2.0/../../../../arm-none-eabi/lib/armv6k/fpu/libg.a(lib_a-memset.o)
                0x000000000010b0ec                memset
 .text.__malloc_lock
                0x000000000010b204        0xc /opt/devkitpro/devkitARM/bin/../lib/gcc/arm-none-eabi/10.2.0/../../../../arm-none-eabi/lib/armv6k/fpu/libg.a(lib_a-mlock.o)
                0x000000000010b204                __malloc_lock
 .text.__malloc_unlock
                0x000000000010b210        0xc /opt/devkitpro/devkitARM/bin/../lib/gcc/arm-none-eabi/10.2.0/../../../../arm-none-eabi/lib/armv6k/fpu/libg.a(lib_a-mlock.o)
                0x000000000010b210                __malloc_unlock
 .text.printf   0x000000000010b21c       0x34 /opt/devkitpro/devkitARM/bin/../lib/gcc/arm-none-eabi/10.2.0/../../../../arm-none-eabi/lib/armv6k/fpu/libg.a(lib_a-printf.o)
                0x000000000010b21c                printf
 .text._puts_r  0x000000000010b250       0xe0 /opt/devkitpro/devkitARM/bin/../lib/gcc/arm-none-eabi/10.2.0/../../../../arm-none-eabi/lib/armv6k/fpu/libg.a(lib_a-puts.o)
                0x000000000010b250                _puts_r
 .text.puts     0x000000000010b330       0x20 /opt/devkitpro/devkitARM/bin/../lib/gcc/arm-none-eabi/10.2.0/../../../../arm-none-eabi/lib/armv6k/fpu/libg.a(lib_a-puts.o)
                0x000000000010b330                puts
 .text.setvbuf  0x000000000010b350      0x260 /opt/devkitpro/devkitARM/bin/../lib/gcc/arm-none-eabi/10.2.0/../../../../arm-none-eabi/lib/armv6k/fpu/libg.a(lib_a-setvbuf.o)
                0x000000000010b350                setvbuf
 .text.sscanf   0x000000000010b5b0       0x74 /opt/devkitpro/devkitARM/bin/../lib/gcc/arm-none-eabi/10.2.0/../../../../arm-none-eabi/lib/armv6k/fpu/libg.a(lib_a-sscanf.o)
                0x000000000010b5b0                sscanf
 .text.__sread  0x000000000010b624       0x44 /opt/devkitpro/devkitARM/bin/../lib/gcc/arm-none-eabi/10.2.0/../../../../arm-none-eabi/lib/armv6k/fpu/libg.a(lib_a-stdio.o)
                0x000000000010b624                __sread
 .text.__seofread
                0x000000000010b668        0x8 /opt/devkitpro/devkitARM/bin/../lib/gcc/arm-none-eabi/10.2.0/../../../../arm-none-eabi/lib/armv6k/fpu/libg.a(lib_a-stdio.o)
                0x000000000010b668                __seofread
 .text.__swrite
                0x000000000010b670       0x68 /opt/devkitpro/devkitARM/bin/../lib/gcc/arm-none-eabi/10.2.0/../../../../arm-none-eabi/lib/armv6k/fpu/libg.a(lib_a-stdio.o)
                0x000000000010b670                __swrite
 .text.__sseek  0x000000000010b6d8       0x48 /opt/devkitpro/devkitARM/bin/../lib/gcc/arm-none-eabi/10.2.0/../../../../arm-none-eabi/lib/armv6k/fpu/libg.a(lib_a-stdio.o)
                0x000000000010b6d8                __sseek
 .text.__sclose
                0x000000000010b720        0x8 /opt/devkitpro/devkitARM/bin/../lib/gcc/arm-none-eabi/10.2.0/../../../../arm-none-eabi/lib/armv6k/fpu/libg.a(lib_a-stdio.o)
                0x000000000010b720                __sclose
 .text.strlen   0x000000000010b728       0x5c /opt/devkitpro/devkitARM/bin/../lib/gcc/arm-none-eabi/10.2.0/../../../../arm-none-eabi/lib/armv6k/fpu/libg.a(lib_a-strlen-stub.o)
                0x000000000010b728                strlen
 .text.strncat  0x000000000010b784       0xec /opt/devkitpro/devkitARM/bin/../lib/gcc/arm-none-eabi/10.2.0/../../../../arm-none-eabi/lib/armv6k/fpu/libg.a(lib_a-strncat.o)
                0x000000000010b784                strncat
 .text.strncmp  0x000000000010b870       0xdc /opt/devkitpro/devkitARM/bin/../lib/gcc/arm-none-eabi/10.2.0/../../../../arm-none-eabi/lib/armv6k/fpu/libg.a(lib_a-strncmp.o)
                0x000000000010b870                strncmp
 .text.strncpy  0x000000000010b94c       0xc0 /opt/devkitpro/devkitARM/bin/../lib/gcc/arm-none-eabi/10.2.0/../../../../arm-none-eabi/lib/armv6k/fpu/libg.a(lib_a-strncpy.o)
                0x000000000010b94c                strncpy
 .text.strnlen  0x000000000010ba0c       0x48 /opt/devkitpro/devkitARM/bin/../lib/gcc/arm-none-eabi/10.2.0/../../../../arm-none-eabi/lib/armv6k/fpu/libg.a(lib_a-strnlen.o)
                0x000000000010ba0c                strnlen
 .text.get_arg  0x000000000010ba54       0x50 /opt/devkitpro/devkitARM/bin/../lib/gcc/arm-none-eabi/10.2.0/../../../../arm-none-eabi/lib/armv6k/fpu/libg.a(lib_a-svfscanf.o)
 .text.__ssvfscanf_r
                0x000000000010baa4     0x2b68 /opt/devkitpro/devkitARM/bin/../lib/gcc/arm-none-eabi/10.2.0/../../../../arm-none-eabi/lib/armv6k/fpu/libg.a(lib_a-svfscanf.o)
                0x000000000010baa4                __ssvfscanf_r
 .text.get_arg  0x000000000010e60c      0x64c /opt/devkitpro/devkitARM/bin/../lib/gcc/arm-none-eabi/10.2.0/../../../../arm-none-eabi/lib/armv6k/fpu/libg.a(lib_a-vfiprintf.o)
 .text.__sprint_r
                0x000000000010ec58       0x34 /opt/devkitpro/devkitARM/bin/../lib/gcc/arm-none-eabi/10.2.0/../../../../arm-none-eabi/lib/armv6k/fpu/libg.a(lib_a-vfiprintf.o)
                0x000000000010ec58                __sprint_r
 .text._vfiprintf_r
                0x000000000010ec8c     0x2584 /opt/devkitpro/devkitARM/bin/../lib/gcc/arm-none-eabi/10.2.0/../../../../arm-none-eabi/lib/armv6k/fpu/libg.a(lib_a-vfiprintf.o)
                0x000000000010ec8c                _vfiprintf_r
 .text.__sbprintf
                0x0000000000111210       0xd4 /opt/devkitpro/devkitARM/bin/../lib/gcc/arm-none-eabi/10.2.0/../../../../arm-none-eabi/lib/armv6k/fpu/libg.a(lib_a-vfiprintf.o)
 .text.get_arg  0x00000000001112e4      0x64c /opt/devkitpro/devkitARM/bin/../lib/gcc/arm-none-eabi/10.2.0/../../../../arm-none-eabi/lib/armv6k/fpu/libg.a(lib_a-vfprintf.o)
 .text._vfprintf_r
                0x0000000000111930     0x38d4 /opt/devkitpro/devkitARM/bin/../lib/gcc/arm-none-eabi/10.2.0/../../../../arm-none-eabi/lib/armv6k/fpu/libg.a(lib_a-vfprintf.o)
                0x0000000000111930                _vfprintf_r
 .text.__sbprintf
                0x0000000000115204       0xd4 /opt/devkitpro/devkitARM/bin/../lib/gcc/arm-none-eabi/10.2.0/../../../../arm-none-eabi/lib/armv6k/fpu/libg.a(lib_a-vfprintf.o)
 .text._wcrtomb_r
                0x00000000001152d8       0x54 /opt/devkitpro/devkitARM/bin/../lib/gcc/arm-none-eabi/10.2.0/../../../../arm-none-eabi/lib/armv6k/fpu/libg.a(lib_a-wcrtomb.o)
                0x00000000001152d8                _wcrtomb_r
 .text._wcsrtombs_r
                0x000000000011532c       0x28 /opt/devkitpro/devkitARM/bin/../lib/gcc/arm-none-eabi/10.2.0/../../../../arm-none-eabi/lib/armv6k/fpu/libg.a(lib_a-wcsrtombs.o)
                0x000000000011532c                _wcsrtombs_r
 .text.__swsetup_r
                0x0000000000115354      0x154 /opt/devkitpro/devkitARM/bin/../lib/gcc/arm-none-eabi/10.2.0/../../../../arm-none-eabi/lib/armv6k/fpu/libg.a(lib_a-wsetup.o)
                0x0000000000115354                __swsetup_r
 .text.__call_exitprocs
                0x00000000001154a8      0x114 /opt/devkitpro/devkitARM/bin/../lib/gcc/arm-none-eabi/10.2.0/../../../../arm-none-eabi/lib/armv6k/fpu/libg.a(lib_a-__call_atexit.o)
                0x00000000001154a8                __call_exitprocs
 .text.quorem   0x00000000001155bc      0x1a8 /opt/devkitpro/devkitARM/bin/../lib/gcc/arm-none-eabi/10.2.0/../../../../arm-none-eabi/lib/armv6k/fpu/libg.a(lib_a-dtoa.o)
 *fill*         0x0000000000115764        0x4 
 .text._dtoa_r  0x0000000000115768     0x12ec /opt/devkitpro/devkitARM/bin/../lib/gcc/arm-none-eabi/10.2.0/../../../../arm-none-eabi/lib/armv6k/fpu/libg.a(lib_a-dtoa.o)
                0x0000000000115768                _dtoa_r
 .text.__sflush_r
                0x0000000000116a54      0x258 /opt/devkitpro/devkitARM/bin/../lib/gcc/arm-none-eabi/10.2.0/../../../../arm-none-eabi/lib/armv6k/fpu/libg.a(lib_a-fflush.o)
                0x0000000000116a54                __sflush_r
 .text._fflush_r
                0x0000000000116cac       0x94 /opt/devkitpro/devkitARM/bin/../lib/gcc/arm-none-eabi/10.2.0/../../../../arm-none-eabi/lib/armv6k/fpu/libg.a(lib_a-fflush.o)
                0x0000000000116cac                _fflush_r
 .text._cleanup_r
                0x0000000000116d40        0xc /opt/devkitpro/devkitARM/bin/../lib/gcc/arm-none-eabi/10.2.0/../../../../arm-none-eabi/lib/armv6k/fpu/libg.a(lib_a-findfp.o)
                0x0000000000116d40                _cleanup_r
 .text.__sinit  0x0000000000116d4c      0x184 /opt/devkitpro/devkitARM/bin/../lib/gcc/arm-none-eabi/10.2.0/../../../../arm-none-eabi/lib/armv6k/fpu/libg.a(lib_a-findfp.o)
                0x0000000000116d4c                __sinit
 .text.__sfp_lock_acquire
                0x0000000000116ed0        0xc /opt/devkitpro/devkitARM/bin/../lib/gcc/arm-none-eabi/10.2.0/../../../../arm-none-eabi/lib/armv6k/fpu/libg.a(lib_a-findfp.o)
                0x0000000000116ed0                __sfp_lock_acquire
 .text.__sfp_lock_release
                0x0000000000116edc        0xc /opt/devkitpro/devkitARM/bin/../lib/gcc/arm-none-eabi/10.2.0/../../../../arm-none-eabi/lib/armv6k/fpu/libg.a(lib_a-findfp.o)
                0x0000000000116edc                __sfp_lock_release
 .text._malloc_trim_r
                0x0000000000116ee8       0xf8 /opt/devkitpro/devkitARM/bin/../lib/gcc/arm-none-eabi/10.2.0/../../../../arm-none-eabi/lib/armv6k/fpu/libg.a(lib_a-freer.o)
                0x0000000000116ee8                _malloc_trim_r
 .text._free_r  0x0000000000116fe0      0x2e4 /opt/devkitpro/devkitARM/bin/../lib/gcc/arm-none-eabi/10.2.0/../../../../arm-none-eabi/lib/armv6k/fpu/libg.a(lib_a-freer.o)
                0x0000000000116fe0                _free_r
 .text.__sfvwrite_r
                0x00000000001172c4      0x4a4 /opt/devkitpro/devkitARM/bin/../lib/gcc/arm-none-eabi/10.2.0/../../../../arm-none-eabi/lib/armv6k/fpu/libg.a(lib_a-fvwrite.o)
                0x00000000001172c4                __sfvwrite_r
 .text._fwalk_reent
                0x0000000000117768       0x70 /opt/devkitpro/devkitARM/bin/../lib/gcc/arm-none-eabi/10.2.0/../../../../arm-none-eabi/lib/armv6k/fpu/libg.a(lib_a-fwalk.o)
                0x0000000000117768                _fwalk_reent
 .text.iswspace
                0x00000000001177d8        0x8 /opt/devkitpro/devkitARM/bin/../lib/gcc/arm-none-eabi/10.2.0/../../../../arm-none-eabi/lib/armv6k/fpu/libg.a(lib_a-iswspace.o)
                0x00000000001177d8                iswspace
 .text._localeconv_r
                0x00000000001177e0        0xc /opt/devkitpro/devkitARM/bin/../lib/gcc/arm-none-eabi/10.2.0/../../../../arm-none-eabi/lib/armv6k/fpu/libg.a(lib_a-localeconv.o)
                0x00000000001177e0                _localeconv_r
 .text.__locale_mb_cur_max
                0x00000000001177ec       0x10 /opt/devkitpro/devkitARM/bin/../lib/gcc/arm-none-eabi/10.2.0/../../../../arm-none-eabi/lib/armv6k/fpu/libg.a(lib_a-locale.o)
                0x00000000001177ec                __locale_mb_cur_max
 .text.__smakebuf_r
                0x00000000001177fc      0x138 /opt/devkitpro/devkitARM/bin/../lib/gcc/arm-none-eabi/10.2.0/../../../../arm-none-eabi/lib/armv6k/fpu/libg.a(lib_a-makebuf.o)
                0x00000000001177fc                __smakebuf_r
 .text.__swhatbuf_r
                0x0000000000117934       0x94 /opt/devkitpro/devkitARM/bin/../lib/gcc/arm-none-eabi/10.2.0/../../../../arm-none-eabi/lib/armv6k/fpu/libg.a(lib_a-makebuf.o)
                0x0000000000117934                __swhatbuf_r
 .text._mbrtowc_r
                0x00000000001179c8       0x68 /opt/devkitpro/devkitARM/bin/../lib/gcc/arm-none-eabi/10.2.0/../../../../arm-none-eabi/lib/armv6k/fpu/libg.a(lib_a-mbrtowc.o)
                0x00000000001179c8                _mbrtowc_r
 .text.__utf8_mbtowc
                0x0000000000117a30      0x2fc /opt/devkitpro/devkitARM/bin/../lib/gcc/arm-none-eabi/10.2.0/../../../../arm-none-eabi/lib/armv6k/fpu/libg.a(lib_a-mbtowc_r.o)
                0x0000000000117a30                __utf8_mbtowc
 .text.memmove  0x0000000000117d2c      0x154 /opt/devkitpro/devkitARM/bin/../lib/gcc/arm-none-eabi/10.2.0/../../../../arm-none-eabi/lib/armv6k/fpu/libg.a(lib_a-memmove.o)
                0x0000000000117d2c                memmove
 .text._Balloc  0x0000000000117e80       0x88 /opt/devkitpro/devkitARM/bin/../lib/gcc/arm-none-eabi/10.2.0/../../../../arm-none-eabi/lib/armv6k/fpu/libg.a(lib_a-mprec.o)
                0x0000000000117e80                _Balloc
 .text._Bfree   0x0000000000117f08       0x1c /opt/devkitpro/devkitARM/bin/../lib/gcc/arm-none-eabi/10.2.0/../../../../arm-none-eabi/lib/armv6k/fpu/libg.a(lib_a-mprec.o)
                0x0000000000117f08                _Bfree
 .text.__multadd
                0x0000000000117f24       0xf4 /opt/devkitpro/devkitARM/bin/../lib/gcc/arm-none-eabi/10.2.0/../../../../arm-none-eabi/lib/armv6k/fpu/libg.a(lib_a-mprec.o)
                0x0000000000117f24                __multadd
 .text.__s2b    0x0000000000118018      0x110 /opt/devkitpro/devkitARM/bin/../lib/gcc/arm-none-eabi/10.2.0/../../../../arm-none-eabi/lib/armv6k/fpu/libg.a(lib_a-mprec.o)
                0x0000000000118018                __s2b
 .text.__hi0bits
                0x0000000000118128       0x58 /opt/devkitpro/devkitARM/bin/../lib/gcc/arm-none-eabi/10.2.0/../../../../arm-none-eabi/lib/armv6k/fpu/libg.a(lib_a-mprec.o)
                0x0000000000118128                __hi0bits
 .text.__lo0bits
                0x0000000000118180       0x9c /opt/devkitpro/devkitARM/bin/../lib/gcc/arm-none-eabi/10.2.0/../../../../arm-none-eabi/lib/armv6k/fpu/libg.a(lib_a-mprec.o)
                0x0000000000118180                __lo0bits
 .text.__i2b    0x000000000011821c       0xa4 /opt/devkitpro/devkitARM/bin/../lib/gcc/arm-none-eabi/10.2.0/../../../../arm-none-eabi/lib/armv6k/fpu/libg.a(lib_a-mprec.o)
                0x000000000011821c                __i2b
 .text.__multiply
                0x00000000001182c0      0x204 /opt/devkitpro/devkitARM/bin/../lib/gcc/arm-none-eabi/10.2.0/../../../../arm-none-eabi/lib/armv6k/fpu/libg.a(lib_a-mprec.o)
                0x00000000001182c0                __multiply
 .text.__pow5mult
                0x00000000001184c4      0x120 /opt/devkitpro/devkitARM/bin/../lib/gcc/arm-none-eabi/10.2.0/../../../../arm-none-eabi/lib/armv6k/fpu/libg.a(lib_a-mprec.o)
                0x00000000001184c4                __pow5mult
 .text.__lshift
                0x00000000001185e4      0x13c /opt/devkitpro/devkitARM/bin/../lib/gcc/arm-none-eabi/10.2.0/../../../../arm-none-eabi/lib/armv6k/fpu/libg.a(lib_a-mprec.o)
                0x00000000001185e4                __lshift
 .text.__mcmp   0x0000000000118720       0x58 /opt/devkitpro/devkitARM/bin/../lib/gcc/arm-none-eabi/10.2.0/../../../../arm-none-eabi/lib/armv6k/fpu/libg.a(lib_a-mprec.o)
                0x0000000000118720                __mcmp
 .text.__mdiff  0x0000000000118778      0x1cc /opt/devkitpro/devkitARM/bin/../lib/gcc/arm-none-eabi/10.2.0/../../../../arm-none-eabi/lib/armv6k/fpu/libg.a(lib_a-mprec.o)
                0x0000000000118778                __mdiff
 .text.__ulp    0x0000000000118944       0x88 /opt/devkitpro/devkitARM/bin/../lib/gcc/arm-none-eabi/10.2.0/../../../../arm-none-eabi/lib/armv6k/fpu/libg.a(lib_a-mprec.o)
                0x0000000000118944                __ulp
 .text.__b2d    0x00000000001189cc       0xd4 /opt/devkitpro/devkitARM/bin/../lib/gcc/arm-none-eabi/10.2.0/../../../../arm-none-eabi/lib/armv6k/fpu/libg.a(lib_a-mprec.o)
                0x00000000001189cc                __b2d
 .text.__d2b    0x0000000000118aa0      0x12c /opt/devkitpro/devkitARM/bin/../lib/gcc/arm-none-eabi/10.2.0/../../../../arm-none-eabi/lib/armv6k/fpu/libg.a(lib_a-mprec.o)
                0x0000000000118aa0                __d2b
 .text.__ratio  0x0000000000118bcc       0x78 /opt/devkitpro/devkitARM/bin/../lib/gcc/arm-none-eabi/10.2.0/../../../../arm-none-eabi/lib/armv6k/fpu/libg.a(lib_a-mprec.o)
                0x0000000000118bcc                __ratio
 .text.__copybits
                0x0000000000118c44       0x88 /opt/devkitpro/devkitARM/bin/../lib/gcc/arm-none-eabi/10.2.0/../../../../arm-none-eabi/lib/armv6k/fpu/libg.a(lib_a-mprec.o)
                0x0000000000118c44                __copybits
 .text.__any_on
                0x0000000000118ccc       0x5c /opt/devkitpro/devkitARM/bin/../lib/gcc/arm-none-eabi/10.2.0/../../../../arm-none-eabi/lib/armv6k/fpu/libg.a(lib_a-mprec.o)
                0x0000000000118ccc                __any_on
 .text.realloc  0x0000000000118d28       0x28 /opt/devkitpro/devkitARM/bin/../lib/gcc/arm-none-eabi/10.2.0/../../../../arm-none-eabi/lib/armv6k/fpu/libg.a(lib_a-realloc.o)
                0x0000000000118d28                realloc
 .text._realloc_r
                0x0000000000118d50      0x598 /opt/devkitpro/devkitARM/bin/../lib/gcc/arm-none-eabi/10.2.0/../../../../arm-none-eabi/lib/armv6k/fpu/libg.a(lib_a-reallocr.o)
                0x0000000000118d50                _realloc_r
 .text.__sccl   0x00000000001192e8       0xe4 /opt/devkitpro/devkitARM/bin/../lib/gcc/arm-none-eabi/10.2.0/../../../../arm-none-eabi/lib/armv6k/fpu/libg.a(lib_a-sccl.o)
                0x00000000001192e8                __sccl
 .text.nanf     0x00000000001193cc        0xc /opt/devkitpro/devkitARM/bin/../lib/gcc/arm-none-eabi/10.2.0/../../../../arm-none-eabi/lib/armv6k/fpu/libg.a(lib_a-sf_nan.o)
                0x00000000001193cc                nanf
 .text.frexp    0x00000000001193d8       0xa8 /opt/devkitpro/devkitARM/bin/../lib/gcc/arm-none-eabi/10.2.0/../../../../arm-none-eabi/lib/armv6k/fpu/libg.a(lib_a-s_frexp.o)
                0x00000000001193d8                frexp
 .text.sprintf  0x0000000000119480       0x64 /opt/devkitpro/devkitARM/bin/../lib/gcc/arm-none-eabi/10.2.0/../../../../arm-none-eabi/lib/armv6k/fpu/libg.a(lib_a-sprintf.o)
                0x0000000000119480                sprintf
 .text.stpncpy  0x00000000001194e4       0xb8 /opt/devkitpro/devkitARM/bin/../lib/gcc/arm-none-eabi/10.2.0/../../../../arm-none-eabi/lib/armv6k/fpu/libg.a(lib_a-stpncpy.o)
                0x00000000001194e4                stpncpy
 .text.strchr   0x000000000011959c      0x144 /opt/devkitpro/devkitARM/bin/../lib/gcc/arm-none-eabi/10.2.0/../../../../arm-none-eabi/lib/armv6k/fpu/libg.a(lib_a-strchr.o)
                0x000000000011959c                strchr
 .text._strtod_l
                0x00000000001196e0     0x130c /opt/devkitpro/devkitARM/bin/../lib/gcc/arm-none-eabi/10.2.0/../../../../arm-none-eabi/lib/armv6k/fpu/libg.a(lib_a-strtod.o)
                0x00000000001196e0                _strtod_l
 .text._strtod_r
                0x000000000011a9ec        0xc /opt/devkitpro/devkitARM/bin/../lib/gcc/arm-none-eabi/10.2.0/../../../../arm-none-eabi/lib/armv6k/fpu/libg.a(lib_a-strtod.o)
                0x000000000011a9ec                _strtod_r
 .text._strtoll_l.constprop.0
                0x000000000011a9f8      0x22c /opt/devkitpro/devkitARM/bin/../lib/gcc/arm-none-eabi/10.2.0/../../../../arm-none-eabi/lib/armv6k/fpu/libg.a(lib_a-strtoll.o)
 .text._strtoll_r
                0x000000000011ac24        0x4 /opt/devkitpro/devkitARM/bin/../lib/gcc/arm-none-eabi/10.2.0/../../../../arm-none-eabi/lib/armv6k/fpu/libg.a(lib_a-strtoll.o)
                0x000000000011ac24                _strtoll_r
 .text._strtol_l.part.0
                0x000000000011ac28      0x1b0 /opt/devkitpro/devkitARM/bin/../lib/gcc/arm-none-eabi/10.2.0/../../../../arm-none-eabi/lib/armv6k/fpu/libg.a(lib_a-strtol.o)
 .text._strtol_r
                0x000000000011add8       0x3c /opt/devkitpro/devkitARM/bin/../lib/gcc/arm-none-eabi/10.2.0/../../../../arm-none-eabi/lib/armv6k/fpu/libg.a(lib_a-strtol.o)
                0x000000000011add8                _strtol_r
 .text._strtoull_l.constprop.0
                0x000000000011ae14      0x244 /opt/devkitpro/devkitARM/bin/../lib/gcc/arm-none-eabi/10.2.0/../../../../arm-none-eabi/lib/armv6k/fpu/libg.a(lib_a-strtoull.o)
 .text._strtoull_r
                0x000000000011b058        0x4 /opt/devkitpro/devkitARM/bin/../lib/gcc/arm-none-eabi/10.2.0/../../../../arm-none-eabi/lib/armv6k/fpu/libg.a(lib_a-strtoull.o)
                0x000000000011b058                _strtoull_r
 .text._strtoul_l.constprop.0
                0x000000000011b05c      0x1c8 /opt/devkitpro/devkitARM/bin/../lib/gcc/arm-none-eabi/10.2.0/../../../../arm-none-eabi/lib/armv6k/fpu/libg.a(lib_a-strtoul.o)
 .text._strtoul_r
                0x000000000011b224        0x4 /opt/devkitpro/devkitARM/bin/../lib/gcc/arm-none-eabi/10.2.0/../../../../arm-none-eabi/lib/armv6k/fpu/libg.a(lib_a-strtoul.o)
                0x000000000011b224                _strtoul_r
 .text.__ssprint_r
                0x000000000011b228      0x188 /opt/devkitpro/devkitARM/bin/../lib/gcc/arm-none-eabi/10.2.0/../../../../arm-none-eabi/lib/armv6k/fpu/libg.a(lib_a-svfiprintf.o)
                0x000000000011b228                __ssprint_r
 .text._sungetc_r
                0x000000000011b3b0       0xe0 /opt/devkitpro/devkitARM/bin/../lib/gcc/arm-none-eabi/10.2.0/../../../../arm-none-eabi/lib/armv6k/fpu/libg.a(lib_a-svfiscanf.o)
                0x000000000011b3b0                _sungetc_r
 .text.__ssrefill_r
                0x000000000011b490       0x6c /opt/devkitpro/devkitARM/bin/../lib/gcc/arm-none-eabi/10.2.0/../../../../arm-none-eabi/lib/armv6k/fpu/libg.a(lib_a-svfiscanf.o)
                0x000000000011b490                __ssrefill_r
 .text._sfread_r
                0x000000000011b4fc       0xc8 /opt/devkitpro/devkitARM/bin/../lib/gcc/arm-none-eabi/10.2.0/../../../../arm-none-eabi/lib/armv6k/fpu/libg.a(lib_a-svfiscanf.o)
                0x000000000011b4fc                _sfread_r
 .text.get_arg  0x000000000011b5c4      0x64c /opt/devkitpro/devkitARM/bin/../lib/gcc/arm-none-eabi/10.2.0/../../../../arm-none-eabi/lib/armv6k/fpu/libg.a(lib_a-svfprintf.o)
 .text._svfprintf_r
                0x000000000011bc10     0x3808 /opt/devkitpro/devkitARM/bin/../lib/gcc/arm-none-eabi/10.2.0/../../../../arm-none-eabi/lib/armv6k/fpu/libg.a(lib_a-svfprintf.o)
                0x000000000011bc10                _svfprintf_r
 .text.__submore
                0x000000000011f418       0xa8 /opt/devkitpro/devkitARM/bin/../lib/gcc/arm-none-eabi/10.2.0/../../../../arm-none-eabi/lib/armv6k/fpu/libg.a(lib_a-ungetc.o)
                0x000000000011f418                __submore
 .text._wcsnrtombs_l
                0x000000000011f4c0      0x190 /opt/devkitpro/devkitARM/bin/../lib/gcc/arm-none-eabi/10.2.0/../../../../arm-none-eabi/lib/armv6k/fpu/libg.a(lib_a-wcsnrtombs.o)
                0x000000000011f4c0                _wcsnrtombs_l
 .text._wcsnrtombs_r
                0x000000000011f650       0x4c /opt/devkitpro/devkitARM/bin/../lib/gcc/arm-none-eabi/10.2.0/../../../../arm-none-eabi/lib/armv6k/fpu/libg.a(lib_a-wcsnrtombs.o)
                0x000000000011f650                _wcsnrtombs_r
 .text.__utf8_wctomb
                0x000000000011f69c       0xf0 /opt/devkitpro/devkitARM/bin/../lib/gcc/arm-none-eabi/10.2.0/../../../../arm-none-eabi/lib/armv6k/fpu/libg.a(lib_a-wctomb_r.o)
                0x000000000011f69c                __utf8_wctomb
 .text.__assert_func
                0x000000000011f78c       0x5c /opt/devkitpro/devkitARM/bin/../lib/gcc/arm-none-eabi/10.2.0/../../../../arm-none-eabi/lib/armv6k/fpu/libg.a(lib_a-assert.o)
                0x000000000011f78c                __assert_func
 .text._fclose_r
                0x000000000011f7e8      0x160 /opt/devkitpro/devkitARM/bin/../lib/gcc/arm-none-eabi/10.2.0/../../../../arm-none-eabi/lib/armv6k/fpu/libg.a(lib_a-fclose.o)
                0x000000000011f7e8                _fclose_r
 .text.fiprintf
                0x000000000011f948       0x3c /opt/devkitpro/devkitARM/bin/../lib/gcc/arm-none-eabi/10.2.0/../../../../arm-none-eabi/lib/armv6k/fpu/libg.a(lib_a-fiprintf.o)
                0x000000000011f948                fiprintf
 .text.rshift   0x000000000011f984       0xec /opt/devkitpro/devkitARM/bin/../lib/gcc/arm-none-eabi/10.2.0/../../../../arm-none-eabi/lib/armv6k/fpu/libg.a(lib_a-gdtoa-gethex.o)
 .text.__gethex
                0x000000000011fa70      0x928 /opt/devkitpro/devkitARM/bin/../lib/gcc/arm-none-eabi/10.2.0/../../../../arm-none-eabi/lib/armv6k/fpu/libg.a(lib_a-gdtoa-gethex.o)
                0x000000000011fa70                __gethex
 .text.__match  0x0000000000120398       0x4c /opt/devkitpro/devkitARM/bin/../lib/gcc/arm-none-eabi/10.2.0/../../../../arm-none-eabi/lib/armv6k/fpu/libg.a(lib_a-gdtoa-hexnan.o)
                0x0000000000120398                __match
 .text.__hexnan
                0x00000000001203e4      0x29c /opt/devkitpro/devkitARM/bin/../lib/gcc/arm-none-eabi/10.2.0/../../../../arm-none-eabi/lib/armv6k/fpu/libg.a(lib_a-gdtoa-hexnan.o)
                0x00000000001203e4                __hexnan
 .text.iswspace_l
                0x0000000000120680       0x3c /opt/devkitpro/devkitARM/bin/../lib/gcc/arm-none-eabi/10.2.0/../../../../arm-none-eabi/lib/armv6k/fpu/libg.a(lib_a-iswspace_l.o)
                0x0000000000120680                iswspace_l
 .text.__jp2uc  0x00000000001206bc      0x1d4 /opt/devkitpro/devkitARM/bin/../lib/gcc/arm-none-eabi/10.2.0/../../../../arm-none-eabi/lib/armv6k/fpu/libg.a(lib_a-jp2uc.o)
 .text._jp2uc_l
                0x0000000000120890       0x9c /opt/devkitpro/devkitARM/bin/../lib/gcc/arm-none-eabi/10.2.0/../../../../arm-none-eabi/lib/armv6k/fpu/libg.a(lib_a-jp2uc.o)
                0x0000000000120890                _jp2uc_l
 *fill*         0x000000000012092c        0x4 
 .text.nan      0x0000000000120930       0x10 /opt/devkitpro/devkitARM/bin/../lib/gcc/arm-none-eabi/10.2.0/../../../../arm-none-eabi/lib/armv6k/fpu/libg.a(lib_a-s_nan.o)
                0x0000000000120930                nan
 .text.abort    0x0000000000120940       0x14 /opt/devkitpro/devkitARM/bin/../lib/gcc/arm-none-eabi/10.2.0/../../../../arm-none-eabi/lib/armv6k/fpu/libg.a(lib_a-abort.o)
                0x0000000000120940                abort
 .text.category
                0x0000000000120954       0x84 /opt/devkitpro/devkitARM/bin/../lib/gcc/arm-none-eabi/10.2.0/../../../../arm-none-eabi/lib/armv6k/fpu/libg.a(lib_a-categories.o)
                0x0000000000120954                category
 .text._raise_r
                0x00000000001209d8       0x98 /opt/devkitpro/devkitARM/bin/../lib/gcc/arm-none-eabi/10.2.0/../../../../arm-none-eabi/lib/armv6k/fpu/libg.a(lib_a-signal.o)
                0x00000000001209d8                _raise_r
 .text.raise    0x0000000000120a70       0x20 /opt/devkitpro/devkitARM/bin/../lib/gcc/arm-none-eabi/10.2.0/../../../../arm-none-eabi/lib/armv6k/fpu/libg.a(lib_a-signal.o)
                0x0000000000120a70                raise
 .text.null_write
                0x0000000000120a90        0x8 /opt/devkitpro/devkitARM/bin/../lib/gcc/arm-none-eabi/10.2.0/../../../../arm-none-eabi/lib/armv6k/fpu/libsysbase.a(iosupport.o)
 .text.setDefaultDevice
                0x0000000000120a98       0x18 /opt/devkitpro/devkitARM/bin/../lib/gcc/arm-none-eabi/10.2.0/../../../../arm-none-eabi/lib/armv6k/fpu/libsysbase.a(iosupport.o)
                0x0000000000120a98                setDefaultDevice
 .text.FindDevice
                0x0000000000120ab0       0xc8 /opt/devkitpro/devkitARM/bin/../lib/gcc/arm-none-eabi/10.2.0/../../../../arm-none-eabi/lib/armv6k/fpu/libsysbase.a(iosupport.o)
                0x0000000000120ab0                FindDevice
 .text.RemoveDevice
                0x0000000000120b78       0x28 /opt/devkitpro/devkitARM/bin/../lib/gcc/arm-none-eabi/10.2.0/../../../../arm-none-eabi/lib/armv6k/fpu/libsysbase.a(iosupport.o)
                0x0000000000120b78                RemoveDevice
 .text.AddDevice
                0x0000000000120ba0       0x9c /opt/devkitpro/devkitARM/bin/../lib/gcc/arm-none-eabi/10.2.0/../../../../arm-none-eabi/lib/armv6k/fpu/libsysbase.a(iosupport.o)
                0x0000000000120ba0                AddDevice
 .text.GetDeviceOpTab
                0x0000000000120c3c       0x20 /opt/devkitpro/devkitARM/bin/../lib/gcc/arm-none-eabi/10.2.0/../../../../arm-none-eabi/lib/armv6k/fpu/libsysbase.a(iosupport.o)
                0x0000000000120c3c                GetDeviceOpTab
 .text._fstat_r
                0x0000000000120c5c       0x78 /opt/devkitpro/devkitARM/bin/../lib/gcc/arm-none-eabi/10.2.0/../../../../arm-none-eabi/lib/armv6k/fpu/libsysbase.a(fstat.o)
                0x0000000000120c5c                _fstat_r
 .text._getpid_r
                0x0000000000120cd4       0x14 /opt/devkitpro/devkitARM/bin/../lib/gcc/arm-none-eabi/10.2.0/../../../../arm-none-eabi/lib/armv6k/fpu/libsysbase.a(getpid.o)
                0x0000000000120cd4                _getpid_r
 .text._isatty_r
                0x0000000000120ce8        0x8 /opt/devkitpro/devkitARM/bin/../lib/gcc/arm-none-eabi/10.2.0/../../../../arm-none-eabi/lib/armv6k/fpu/libsysbase.a(isatty.o)
                0x0000000000120ce8                _isatty_r
 .text._kill_r  0x0000000000120cf0       0x14 /opt/devkitpro/devkitARM/bin/../lib/gcc/arm-none-eabi/10.2.0/../../../../arm-none-eabi/lib/armv6k/fpu/libsysbase.a(kill.o)
                0x0000000000120cf0                _kill_r
 .text._lseek_r
                0x0000000000120d04       0x84 /opt/devkitpro/devkitARM/bin/../lib/gcc/arm-none-eabi/10.2.0/../../../../arm-none-eabi/lib/armv6k/fpu/libsysbase.a(lseek.o)
                0x0000000000120d04                _lseek_r
 .text._read_r  0x0000000000120d88       0x80 /opt/devkitpro/devkitARM/bin/../lib/gcc/arm-none-eabi/10.2.0/../../../../arm-none-eabi/lib/armv6k/fpu/libsysbase.a(read.o)
                0x0000000000120d88                _read_r
 .text._sbrk_r  0x0000000000120e08       0x78 /opt/devkitpro/devkitARM/bin/../lib/gcc/arm-none-eabi/10.2.0/../../../../arm-none-eabi/lib/armv6k/fpu/libsysbase.a(sbrk.o)
                0x0000000000120e08                _sbrk_r
 .text._write_r
                0x0000000000120e80       0x80 /opt/devkitpro/devkitARM/bin/../lib/gcc/arm-none-eabi/10.2.0/../../../../arm-none-eabi/lib/armv6k/fpu/libsysbase.a(write.o)
                0x0000000000120e80                _write_r
 .text._exit    0x0000000000120f00       0x24 /opt/devkitpro/devkitARM/bin/../lib/gcc/arm-none-eabi/10.2.0/../../../../arm-none-eabi/lib/armv6k/fpu/libsysbase.a(_exit.o)
                0x0000000000120f00                _exit
 .text._concatenate_path
                0x0000000000120f24      0x1b8 /opt/devkitpro/devkitARM/bin/../lib/gcc/arm-none-eabi/10.2.0/../../../../arm-none-eabi/lib/armv6k/fpu/libsysbase.a(chdir.o)
                0x0000000000120f24                _concatenate_path
 .text.chdir    0x00000000001210dc      0x160 /opt/devkitpro/devkitARM/bin/../lib/gcc/arm-none-eabi/10.2.0/../../../../arm-none-eabi/lib/armv6k/fpu/libsysbase.a(chdir.o)
                0x00000000001210dc                chdir
 .text.__flockfile
                0x000000000012123c        0x8 /opt/devkitpro/devkitARM/bin/../lib/gcc/arm-none-eabi/10.2.0/../../../../arm-none-eabi/lib/armv6k/fpu/libsysbase.a(flock.o)
                0x000000000012123c                __flockfile
 .text.__funlockfile
                0x0000000000121244        0x8 /opt/devkitpro/devkitARM/bin/../lib/gcc/arm-none-eabi/10.2.0/../../../../arm-none-eabi/lib/armv6k/fpu/libsysbase.a(flock.o)
                0x0000000000121244                __funlockfile
 .text.__libc_lock_acquire
                0x000000000012124c       0x18 /opt/devkitpro/devkitARM/bin/../lib/gcc/arm-none-eabi/10.2.0/../../../../arm-none-eabi/lib/armv6k/fpu/libsysbase.a(syscall_support.o)
                0x000000000012124c                __libc_lock_acquire
 .text.__libc_lock_release
                0x0000000000121264       0x18 /opt/devkitpro/devkitARM/bin/../lib/gcc/arm-none-eabi/10.2.0/../../../../arm-none-eabi/lib/armv6k/fpu/libsysbase.a(syscall_support.o)
                0x0000000000121264                __libc_lock_release
 .text.__libc_lock_init_recursive
                0x000000000012127c       0x18 /opt/devkitpro/devkitARM/bin/../lib/gcc/arm-none-eabi/10.2.0/../../../../arm-none-eabi/lib/armv6k/fpu/libsysbase.a(syscall_support.o)
                0x000000000012127c                __libc_lock_init_recursive
 .text.__libc_lock_acquire_recursive
                0x0000000000121294       0x18 /opt/devkitpro/devkitARM/bin/../lib/gcc/arm-none-eabi/10.2.0/../../../../arm-none-eabi/lib/armv6k/fpu/libsysbase.a(syscall_support.o)
                0x0000000000121294                __libc_lock_acquire_recursive
 .text.__libc_lock_release_recursive
                0x00000000001212ac       0x18 /opt/devkitpro/devkitARM/bin/../lib/gcc/arm-none-eabi/10.2.0/../../../../arm-none-eabi/lib/armv6k/fpu/libsysbase.a(syscall_support.o)
                0x00000000001212ac                __libc_lock_release_recursive
 .text.__libc_lock_close_recursive
                0x00000000001212c4       0x18 /opt/devkitpro/devkitARM/bin/../lib/gcc/arm-none-eabi/10.2.0/../../../../arm-none-eabi/lib/armv6k/fpu/libsysbase.a(syscall_support.o)
                0x00000000001212c4                __libc_lock_close_recursive
 .text.__get_handle
                0x00000000001212dc       0x3c /opt/devkitpro/devkitARM/bin/../lib/gcc/arm-none-eabi/10.2.0/../../../../arm-none-eabi/lib/armv6k/fpu/libsysbase.a(handle_manager.o)
                0x00000000001212dc                __get_handle
 .text._close_r
                0x0000000000121318       0xf4 /opt/devkitpro/devkitARM/bin/../lib/gcc/arm-none-eabi/10.2.0/../../../../arm-none-eabi/lib/armv6k/fpu/libsysbase.a(handle_manager.o)
                0x0000000000121318                _close_r
 .text.__getreent
                0x000000000012140c       0x28 /opt/devkitpro/devkitARM/bin/../lib/gcc/arm-none-eabi/10.2.0/../../../../arm-none-eabi/lib/armv6k/fpu/libsysbase.a(getreent.o)
                0x000000000012140c                __getreent
 .text.__fixdfdi
                0x0000000000121434       0x38 /opt/devkitpro/devkitARM/bin/../lib/gcc/arm-none-eabi/10.2.0/armv6k/fpu/libgcc.a(_fixdfdi.o)
                0x0000000000121434                __aeabi_d2lz
                0x0000000000121434                __fixdfdi
 *fill*         0x000000000012146c        0x4 
 .text.__fixunsdfdi
                0x0000000000121470       0x40 /opt/devkitpro/devkitARM/bin/../lib/gcc/arm-none-eabi/10.2.0/armv6k/fpu/libgcc.a(_fixunsdfdi.o)
                0x0000000000121470                __aeabi_d2ulz
                0x0000000000121470                __fixunsdfdi
 .text.strrchr  0x00000000001214b0       0x44 /opt/devkitpro/devkitARM/bin/../lib/gcc/arm-none-eabi/10.2.0/../../../../arm-none-eabi/lib/armv6k/fpu/libg.a(lib_a-strrchr.o)
                0x00000000001214b0                strrchr
 *(.glue_7)
 .glue_7        0x00000000001214f4        0x0 linker stubs
 *(.glue_7t)
 .glue_7t       0x00000000001214f4        0x0 linker stubs
 *(.stub)
 *(.gnu.warning)
 *(.gnu.linkonce.t*)
                0x00000000001214f4                . = ALIGN (0x4)
 *(.fini)
 .fini          0x00000000001214f4        0xc /opt/devkitpro/devkitARM/bin/../lib/gcc/arm-none-eabi/10.2.0/armv6k/fpu/crti.o
                0x00000000001214f4                _fini
 .fini          0x0000000000121500        0xc /opt/devkitpro/devkitARM/bin/../lib/gcc/arm-none-eabi/10.2.0/armv6k/fpu/crtn.o
                0x000000000012150c                . = ALIGN (0x4)

.vfp11_veneer   0x000000000012150c        0x0
 .vfp11_veneer  0x000000000012150c        0x0 linker stubs

.v4_bx          0x000000000012150c        0x0
 .v4_bx         0x000000000012150c        0x0 linker stubs

.iplt           0x000000000012150c        0x0
 .iplt          0x000000000012150c        0x0 /opt/devkitpro/devkitARM/bin/../lib/gcc/arm-none-eabi/10.2.0/../../../../arm-none-eabi/lib/armv6k/fpu/3dsx_crt0.o
                0x0000000000122000                . = ALIGN (0x1000)

.rodata         0x0000000000122000     0x7ad0
 *(.rodata)
 .rodata        0x0000000000122000        0x3 /opt/devkitpro/libctru/lib/libctru.a(apt.o)
 *fill*         0x0000000000122003        0x1 
 .rodata        0x0000000000122004        0xc /opt/devkitpro/libctru/lib/libctru.a(archive_dev.o)
 *(.roda)
 *(.rodata.*)
 .rodata.str1.4
                0x0000000000122010      0x1b3 main.o
 *fill*         0x00000000001221c3        0x1 
 .rodata.con_write.str1.4
                0x00000000001221c4       0x52 /opt/devkitpro/libctru/lib/libctru.a(console.o)
 *fill*         0x0000000000122216        0x2 
 .rodata.str1.4
                0x0000000000122218       0x10 /opt/devkitpro/libctru/lib/libctru.a(console.o)
 .rodata.colorTable
                0x0000000000122228       0x30 /opt/devkitpro/libctru/lib/libctru.a(console.o)
 .rodata.dotab_stdout
                0x0000000000122258       0x70 /opt/devkitpro/libctru/lib/libctru.a(console.o)
 .rodata.gspInit.str1.4
                0x00000000001222c8        0x9 /opt/devkitpro/libctru/lib/libctru.a(gspgpu.o)
 *fill*         0x00000000001222d1        0x3 
 .rodata.amInit.str1.4
                0x00000000001222d4       0x17 /opt/devkitpro/libctru/lib/libctru.a(am.o)
 *fill*         0x00000000001222eb        0x1 
 .rodata.hidInit.str1.4
                0x00000000001222ec       0x15 /opt/devkitpro/libctru/lib/libctru.a(hid.o)
 *fill*         0x0000000000122301        0x3 
 .rodata.default_font_bin
                0x0000000000122304      0x800 /opt/devkitpro/libctru/lib/libctru.a(default_font.bin.o)
                0x0000000000122304                default_font_bin
                0x0000000000122b04                default_font_bin_end
 .rodata.srvInit.str1.4
                0x0000000000122b04        0x5 /opt/devkitpro/libctru/lib/libctru.a(srv.o)
 *fill*         0x0000000000122b09        0x3 
 .rodata.irrstInit.str1.4
                0x0000000000122b0c        0x7 /opt/devkitpro/libctru/lib/libctru.a(irrst.o)
 *fill*         0x0000000000122b13        0x1 
 .rodata.aptSendCommand.str1.4
                0x0000000000122b14       0x16 /opt/devkitpro/libctru/lib/libctru.a(apt.o)
 *fill*         0x0000000000122b2a        0x2 
 .rodata.s_sleepWakeEvents.4
                0x0000000000122b2c        0x8 /opt/devkitpro/libctru/lib/libctru.a(apt.o)
 .rodata.str1.4
                0x0000000000122b34        0x8 /opt/devkitpro/libctru/lib/libctru.a(archive_dev.o)
                                          0xc (size before relaxing)
 .rodata._archiveUnmountDeviceStruct.part.0.str1.4
                0x0000000000122b3c        0x2 /opt/devkitpro/libctru/lib/libctru.a(archive_dev.o)
 *fill*         0x0000000000122b3e        0x2 
 .rodata._archiveMountDevice.str1.4
                0x0000000000122b40        0x8 /opt/devkitpro/libctru/lib/libctru.a(archive_dev.o)
 .rodata.archiveMountSdmc.str1.4
                0x0000000000122b48        0x5 /opt/devkitpro/libctru/lib/libctru.a(archive_dev.o)
 *fill*         0x0000000000122b4d        0x3 
 .rodata.archive_devoptab
                0x0000000000122b50       0x70 /opt/devkitpro/libctru/lib/libctru.a(archive_dev.o)
 .rodata.error_table
                0x0000000000122bc0       0x30 /opt/devkitpro/libctru/lib/libctru.a(archive_dev.o)
 .rodata.ptmSysmInit.str1.4
                0x0000000000122bf0        0x9 /opt/devkitpro/libctru/lib/libctru.a(ptmsysm.o)
 *fill*         0x0000000000122bf9        0x3 
 .rodata.fsInit.str1.4
                0x0000000000122bfc        0x8 /opt/devkitpro/libctru/lib/libctru.a(fs.o)
 .rodata._global_impure_ptr
                0x0000000000122c04        0x4 /opt/devkitpro/devkitARM/bin/../lib/gcc/arm-none-eabi/10.2.0/../../../../arm-none-eabi/lib/armv6k/fpu/libg.a(lib_a-impure.o)
                0x0000000000122c04                _global_impure_ptr
 .rodata._puts_r.str1.4
                0x0000000000122c08        0x8 /opt/devkitpro/devkitARM/bin/../lib/gcc/arm-none-eabi/10.2.0/../../../../arm-none-eabi/lib/armv6k/fpu/libg.a(lib_a-puts.o)
                                          0x2 (size before relaxing)
 .rodata.__ssvfscanf_r.str1.1
                0x0000000000122c08        0x5 /opt/devkitpro/devkitARM/bin/../lib/gcc/arm-none-eabi/10.2.0/../../../../arm-none-eabi/lib/armv6k/fpu/libg.a(lib_a-svfscanf.o)
                                          0x6 (size before relaxing)
 *fill*         0x0000000000122c0d        0x3 
 .rodata.basefix.0
                0x0000000000122c10       0x22 /opt/devkitpro/devkitARM/bin/../lib/gcc/arm-none-eabi/10.2.0/../../../../arm-none-eabi/lib/armv6k/fpu/libg.a(lib_a-svfscanf.o)
 .rodata._vfiprintf_r.str1.1
                0x0000000000122c32       0x29 /opt/devkitpro/devkitARM/bin/../lib/gcc/arm-none-eabi/10.2.0/../../../../arm-none-eabi/lib/armv6k/fpu/libg.a(lib_a-vfiprintf.o)
 *fill*         0x0000000000122c5b        0x1 
 .rodata.blanks.1
                0x0000000000122c5c       0x10 /opt/devkitpro/devkitARM/bin/../lib/gcc/arm-none-eabi/10.2.0/../../../../arm-none-eabi/lib/armv6k/fpu/libg.a(lib_a-vfiprintf.o)
 .rodata.zeroes.0
                0x0000000000122c6c       0x10 /opt/devkitpro/devkitARM/bin/../lib/gcc/arm-none-eabi/10.2.0/../../../../arm-none-eabi/lib/armv6k/fpu/libg.a(lib_a-vfiprintf.o)
 .rodata._vfprintf_r.str1.1
                0x0000000000122c7c       0x12 /opt/devkitpro/devkitARM/bin/../lib/gcc/arm-none-eabi/10.2.0/../../../../arm-none-eabi/lib/armv6k/fpu/libg.a(lib_a-vfprintf.o)
                                         0x3b (size before relaxing)
 *fill*         0x0000000000122c8e        0x2 
 .rodata.blanks.1
                0x0000000000122c90       0x10 /opt/devkitpro/devkitARM/bin/../lib/gcc/arm-none-eabi/10.2.0/../../../../arm-none-eabi/lib/armv6k/fpu/libg.a(lib_a-vfprintf.o)
 .rodata.zeroes.0
                0x0000000000122ca0       0x10 /opt/devkitpro/devkitARM/bin/../lib/gcc/arm-none-eabi/10.2.0/../../../../arm-none-eabi/lib/armv6k/fpu/libg.a(lib_a-vfprintf.o)
 .rodata._ctype_
                0x0000000000122cb0      0x101 /opt/devkitpro/devkitARM/bin/../lib/gcc/arm-none-eabi/10.2.0/../../../../arm-none-eabi/lib/armv6k/fpu/libg.a(lib_a-ctype_.o)
                0x0000000000122cb0                _ctype_
 *fill*         0x0000000000122db1        0x3 
 .rodata._dtoa_r.str1.4
                0x0000000000122db4       0x67 /opt/devkitpro/devkitARM/bin/../lib/gcc/arm-none-eabi/10.2.0/../../../../arm-none-eabi/lib/armv6k/fpu/libg.a(lib_a-dtoa.o)
 *fill*         0x0000000000122e1b        0x1 
 .rodata.str1.4
                0x0000000000122e1c       0x48 /opt/devkitpro/devkitARM/bin/../lib/gcc/arm-none-eabi/10.2.0/../../../../arm-none-eabi/lib/armv6k/fpu/libg.a(lib_a-locale.o)
                                         0x4c (size before relaxing)
 .rodata._mbrtowc_r.str1.4
                0x0000000000122e64        0x1 /opt/devkitpro/devkitARM/bin/../lib/gcc/arm-none-eabi/10.2.0/../../../../arm-none-eabi/lib/armv6k/fpu/libg.a(lib_a-mbrtowc.o)
 .rodata.__multadd.str1.4
                0x0000000000122e64       0x40 /opt/devkitpro/devkitARM/bin/../lib/gcc/arm-none-eabi/10.2.0/../../../../arm-none-eabi/lib/armv6k/fpu/libg.a(lib_a-mprec.o)
                                         0x54 (size before relaxing)
 *fill*         0x0000000000122ea4        0x4 
 .rodata.__mprec_bigtens
                0x0000000000122ea8       0x28 /opt/devkitpro/devkitARM/bin/../lib/gcc/arm-none-eabi/10.2.0/../../../../arm-none-eabi/lib/armv6k/fpu/libg.a(lib_a-mprec.o)
                0x0000000000122ea8                __mprec_bigtens
 .rodata.__mprec_tens
                0x0000000000122ed0       0xc8 /opt/devkitpro/devkitARM/bin/../lib/gcc/arm-none-eabi/10.2.0/../../../../arm-none-eabi/lib/armv6k/fpu/libg.a(lib_a-mprec.o)
                0x0000000000122ed0                __mprec_tens
 .rodata.p05.0  0x0000000000122f98        0xc /opt/devkitpro/devkitARM/bin/../lib/gcc/arm-none-eabi/10.2.0/../../../../arm-none-eabi/lib/armv6k/fpu/libg.a(lib_a-mprec.o)
 .rodata._strtod_l.str1.4
                0x0000000000122fa4        0xf /opt/devkitpro/devkitARM/bin/../lib/gcc/arm-none-eabi/10.2.0/../../../../arm-none-eabi/lib/armv6k/fpu/libg.a(lib_a-strtod.o)
                                         0x11 (size before relaxing)
 *fill*         0x0000000000122fb3        0x1 
 .rodata.fpi.1  0x0000000000122fb4       0x14 /opt/devkitpro/devkitARM/bin/../lib/gcc/arm-none-eabi/10.2.0/../../../../arm-none-eabi/lib/armv6k/fpu/libg.a(lib_a-strtod.o)
 .rodata.fpinan.0
                0x0000000000122fc8       0x14 /opt/devkitpro/devkitARM/bin/../lib/gcc/arm-none-eabi/10.2.0/../../../../arm-none-eabi/lib/armv6k/fpu/libg.a(lib_a-strtod.o)
 *fill*         0x0000000000122fdc        0x4 
 .rodata.tinytens
                0x0000000000122fe0       0x28 /opt/devkitpro/devkitARM/bin/../lib/gcc/arm-none-eabi/10.2.0/../../../../arm-none-eabi/lib/armv6k/fpu/libg.a(lib_a-strtod.o)
 .rodata.__action_table
                0x0000000000123008       0x6c /opt/devkitpro/devkitARM/bin/../lib/gcc/arm-none-eabi/10.2.0/../../../../arm-none-eabi/lib/armv6k/fpu/libg.a(lib_a-svfiprintf.o)
                0x0000000000123008                __action_table
 .rodata.__chclass
                0x0000000000123074      0x100 /opt/devkitpro/devkitARM/bin/../lib/gcc/arm-none-eabi/10.2.0/../../../../arm-none-eabi/lib/armv6k/fpu/libg.a(lib_a-svfiprintf.o)
                0x0000000000123074                __chclass
 .rodata.__state_table
                0x0000000000123174       0x6c /opt/devkitpro/devkitARM/bin/../lib/gcc/arm-none-eabi/10.2.0/../../../../arm-none-eabi/lib/armv6k/fpu/libg.a(lib_a-svfiprintf.o)
                0x0000000000123174                __state_table
 .rodata._svfprintf_r.str1.1
                0x00000000001231e0       0x3b /opt/devkitpro/devkitARM/bin/../lib/gcc/arm-none-eabi/10.2.0/../../../../arm-none-eabi/lib/armv6k/fpu/libg.a(lib_a-svfprintf.o)
 .rodata.blanks.1
                0x00000000001231e0       0x10 /opt/devkitpro/devkitARM/bin/../lib/gcc/arm-none-eabi/10.2.0/../../../../arm-none-eabi/lib/armv6k/fpu/libg.a(lib_a-svfprintf.o)
 .rodata.zeroes.0
                0x00000000001231f0       0x10 /opt/devkitpro/devkitARM/bin/../lib/gcc/arm-none-eabi/10.2.0/../../../../arm-none-eabi/lib/armv6k/fpu/libg.a(lib_a-svfprintf.o)
 .rodata.__assert_func.str1.4
                0x0000000000123200       0x3f /opt/devkitpro/devkitARM/bin/../lib/gcc/arm-none-eabi/10.2.0/../../../../arm-none-eabi/lib/armv6k/fpu/libg.a(lib_a-assert.o)
                                         0x43 (size before relaxing)
 *fill*         0x000000000012323f        0x1 
 .rodata.__gethex.str1.4
                0x0000000000123240       0x47 /opt/devkitpro/devkitARM/bin/../lib/gcc/arm-none-eabi/10.2.0/../../../../arm-none-eabi/lib/armv6k/fpu/libg.a(lib_a-gdtoa-gethex.o)
                                         0x5b (size before relaxing)
 *fill*         0x0000000000123287        0x1 
 .rodata.__hexdig
                0x0000000000123288      0x100 /opt/devkitpro/devkitARM/bin/../lib/gcc/arm-none-eabi/10.2.0/../../../../arm-none-eabi/lib/armv6k/fpu/libg.a(lib_a-gdtoa-gethex.o)
                0x0000000000123288                __hexdig
 .rodata._jp2uc_l.str1.4
                0x0000000000123388       0x12 /opt/devkitpro/devkitARM/bin/../lib/gcc/arm-none-eabi/10.2.0/../../../../arm-none-eabi/lib/armv6k/fpu/libg.a(lib_a-jp2uc.o)
 *fill*         0x000000000012339a        0x2 
 .rodata.a1     0x000000000012339c       0xbc /opt/devkitpro/devkitARM/bin/../lib/gcc/arm-none-eabi/10.2.0/../../../../arm-none-eabi/lib/armv6k/fpu/libg.a(lib_a-jp2uc.o)
 .rodata.a2     0x0000000000123458       0xbc /opt/devkitpro/devkitARM/bin/../lib/gcc/arm-none-eabi/10.2.0/../../../../arm-none-eabi/lib/armv6k/fpu/libg.a(lib_a-jp2uc.o)
 .rodata.a3     0x0000000000123514       0x5b /opt/devkitpro/devkitARM/bin/../lib/gcc/arm-none-eabi/10.2.0/../../../../arm-none-eabi/lib/armv6k/fpu/libg.a(lib_a-jp2uc.o)
 *fill*         0x000000000012356f        0x1 
 .rodata.a6     0x0000000000123570       0x70 /opt/devkitpro/devkitARM/bin/../lib/gcc/arm-none-eabi/10.2.0/../../../../arm-none-eabi/lib/armv6k/fpu/libg.a(lib_a-jp2uc.o)
 .rodata.a7     0x00000000001235e0       0xa2 /opt/devkitpro/devkitARM/bin/../lib/gcc/arm-none-eabi/10.2.0/../../../../arm-none-eabi/lib/armv6k/fpu/libg.a(lib_a-jp2uc.o)
 *fill*         0x0000000000123682        0x2 
 .rodata.a8     0x0000000000123684       0x40 /opt/devkitpro/devkitARM/bin/../lib/gcc/arm-none-eabi/10.2.0/../../../../arm-none-eabi/lib/armv6k/fpu/libg.a(lib_a-jp2uc.o)
 .rodata.b02cf  0x00000000001236c4     0x172a /opt/devkitpro/devkitARM/bin/../lib/gcc/arm-none-eabi/10.2.0/../../../../arm-none-eabi/lib/armv6k/fpu/libg.a(lib_a-jp2uc.o)
 *fill*         0x0000000000124dee        0x2 
 .rodata.d02f4  0x0000000000124df0     0x1a7c /opt/devkitpro/devkitARM/bin/../lib/gcc/arm-none-eabi/10.2.0/../../../../arm-none-eabi/lib/armv6k/fpu/libg.a(lib_a-jp2uc.o)
 .rodata.str1.4
                0x000000000012686c        0x5 /opt/devkitpro/devkitARM/bin/../lib/gcc/arm-none-eabi/10.2.0/../../../../arm-none-eabi/lib/armv6k/fpu/libg.a(lib_a-lnumeric.o)
 .rodata._C_numeric_locale
                0x000000000012686c        0xc /opt/devkitpro/devkitARM/bin/../lib/gcc/arm-none-eabi/10.2.0/../../../../arm-none-eabi/lib/armv6k/fpu/libg.a(lib_a-lnumeric.o)
                0x000000000012686c                _C_numeric_locale
 .rodata.categories
                0x0000000000126878     0x31e6 /opt/devkitpro/devkitARM/bin/../lib/gcc/arm-none-eabi/10.2.0/../../../../arm-none-eabi/lib/armv6k/fpu/libg.a(lib_a-categories.o)
 .rodata.AddDevice.str1.4
                0x0000000000129a5e        0x8 /opt/devkitpro/devkitARM/bin/../lib/gcc/arm-none-eabi/10.2.0/../../../../arm-none-eabi/lib/armv6k/fpu/libsysbase.a(iosupport.o)
 *fill*         0x0000000000129a5e        0x2 
 .rodata.dotab_stdnull
                0x0000000000129a60       0x70 /opt/devkitpro/devkitARM/bin/../lib/gcc/arm-none-eabi/10.2.0/../../../../arm-none-eabi/lib/armv6k/fpu/libsysbase.a(iosupport.o)
                0x0000000000129a60                dotab_stdnull
 *all.rodata*(*)
 *(.gnu.linkonce.r*)
                0x0000000000129ad0                . = ALIGN (0x4)

.eh_frame       0x0000000000129ad0        0x0
 .eh_frame      0x0000000000129ad0        0x0 /opt/devkitpro/devkitARM/bin/../lib/gcc/arm-none-eabi/10.2.0/armv6k/fpu/crtbegin.o

.rel.dyn        0x0000000000129ad0        0x0